<html>
<body>
<pre>
<h1>礦ision Build Log</h1>
<h2>Tool Versions:</h2>
IDE-Version: μVision V5.27.1.0
Copyright (C) 2019 ARM Ltd and ARM Germany GmbH. All rights reserved.
License Information: 1 lenovo, 1, LIC=GMZLQ-NLFAB-2ZBW4-FIUNB-8EHBG-H4H7A
 
Tool Versions:
Toolchain:       MDK-ARM Plus  Version: 5.15.0
Toolchain Path:  D:\Anzhuangdizhi\armazdz\ARM\ARMCC\Bin
C Compiler:      Armcc.exe V5.05 update 2 (build 169)
Assembler:       Armasm.exe V5.05 update 2 (build 169)
Linker/Locator:  ArmLink.exe V5.05 update 2 (build 169)
Library Manager: ArmAr.exe V5.05 update 2 (build 169)
Hex Converter:   FromElf.exe V5.05 update 2 (build 169)
CPU DLL:         SARMCM3.DLL V5.15.0
Dialog DLL:      DARMSTM.DLL V1.65.0.0
Target DLL:      CMSIS_AGDI.dll V1.21.12.0
Dialog DLL:      TARMSTM.DLL V1.64.0.0
 
<h2>Project:</h2>
E:\电赛\智能送药小车\橙车-最终版\USER\LCD.uvprojx
Project File Date:  12/19/2021

<h2>Output:</h2>
*** Using Compiler 'V5.05 update 2 (build 169)', folder: 'D:\Anzhuangdizhi\armazdz\ARM\ARMCC\Bin'
Rebuild target 'Target 1'
compiling main.c...
main.c(57): warning:  #177-D: variable "key" was declared but never referenced
  		u8 key=0;
main.c: 1 warning, 0 errors
compiling motor.c...
compiling key.c...
compiling encoder.c...
compiling pwm.c...
compiling bsp_TiMbase.c...
compiling system_stm32f10x.c...
compiling duoji.c...
compiling stm32f10x_it.c...
compiling led.c...
compiling beep.c...
compiling mpuiic.c...
compiling hcsr04.c...
compiling oled_i2c.c...
compiling exti.c...
..\HARDWARE\EXTI\exti.c(126): warning:  #223-D: function "Read_Speed" declared implicitly
  			left_speed=-Read_Speed(2);
..\HARDWARE\EXTI\exti.c(258): warning:  #111-D: statement is unreachable
  						jinduan1zisuo4=1;
..\HARDWARE\EXTI\exti.c(362): warning:  #111-D: statement is unreachable
  						jinduan2zisuo4=1;
..\HARDWARE\EXTI\exti.c: 3 warnings, 0 errors
compiling oled.c...
compiling mpu6050.c...
..\HARDWARE\MPU6050\mpu6050.c(16): warning:  #1293-D: assignment in condition
  	while(dmp_error = mpu_dmp_init())//DMP??始化
..\HARDWARE\MPU6050\mpu6050.c: 1 warning, 0 errors
compiling pid.c...
..\HARDWARE\PID\pid.c(50): warning:  #177-D: variable "a2" was declared but never referenced
  	float a2=0.7;
..\HARDWARE\PID\pid.c(114): warning:  #177-D: variable "a4" was declared but never referenced
  	float a4=0.7;
..\HARDWARE\PID\pid.c: 2 warnings, 0 errors
assembling startup_stm32f10x_hd.s...
compiling menu.c...
compiling inv_mpu_dmp_motion_driver.c...
compiling inv_mpu.c...
compiling core_cm3.c...
compiling delay.c...
compiling misc.c...
compiling stm32f10x_dac.c...
compiling stm32f10x_gpio.c...
compiling usart.c...
..\SYSTEM\usart\usart.c(504): warning:  #177-D: variable "ucTemp" was declared but never referenced
    uint8_t ucTemp;
..\SYSTEM\usart\usart.c(506): warning:  #177-D: variable "j" was declared but never referenced
    static	int  j=0,m=4,i=0;
..\SYSTEM\usart\usart.c(506): warning:  #177-D: variable "m" was declared but never referenced
    static	int  j=0,m=4,i=0;
..\SYSTEM\usart\usart.c: 3 warnings, 0 errors
compiling stm32f10x_rcc.c...
compiling stm32f10x_usart.c...
compiling stm32f10x_flash.c...
compiling sys.c...
compiling stm32f10x_can.c...
compiling stm32f10x_bkp.c...
compiling stm32f10x_adc.c...
compiling stm32f10x_fsmc.c...
compiling stm32f10x_cec.c...
compiling stm32f10x_dbgmcu.c...
compiling stm32f10x_crc.c...
compiling stm32f10x_dma.c...
compiling stm32f10x_iwdg.c...
compiling stm32f10x_i2c.c...
compiling stm32f10x_exti.c...
compiling stm32f10x_sdio.c...
compiling stm32f10x_rtc.c...
compiling stm32f10x_pwr.c...
compiling stm32f10x_spi.c...
compiling stm32f10x_wwdg.c...
compiling stm32f10x_tim.c...
linking...
Program Size: Code=44612 RO-data=5952 RW-data=2872 ZI-data=2080  
FromELF: creating hex file...
"..\OBJ\LCD.axf" - 0 Error(s), 10 Warning(s).

<h2>Software Packages used:</h2>

Package Vendor: Keil
                http://www.keil.com/pack/Keil.STM32F1xx_DFP.2.1.0.pack
                Keil.STM32F1xx_DFP.2.1.0
                STMicroelectronics STM32F1 Series Device Support, Drivers and Examples

<h2>Collection of Component include folders:</h2>
  .\RTE\_Target_1
  D:\Anzhuangdizhi\armazdz\ARM\PACK\Keil\STM32F1xx_DFP\2.1.0\Device\Include

<h2>Collection of Component Files used:</h2>
Build Time Elapsed:  00:00:03
</pre>
</body>
</html>
