Component: ARM Compiler 5.05 update 2 (build 169) Tool: armlink [4d0f33]

==============================================================================

Section Cross References

    main.o(.text) refers to misc.o(.text) for NVIC_PriorityGroupConfig
    main.o(.text) refers to oled.o(.text) for OLED_Init
    main.o(.text) refers to mpu6050.o(.text) for MPU_Init
    main.o(.text) refers to inv_mpu.o(.text) for mpu_dmp_init
    main.o(.text) refers to motor.o(.text) for Motor_Init
    main.o(.text) refers to pwm.o(.text) for GENERAL_TIM_Init
    main.o(.text) refers to duoji.o(.text) for PWM_Init_TIM8
    main.o(.text) refers to stm32f10x_tim.o(.text) for TIM_SetCompare4
    main.o(.text) refers to encoder.o(.text) for Encoder_TIM3_Init
    main.o(.text) refers to led.o(.text) for LED_Init
    main.o(.text) refers to key.o(.text) for KEY_Init
    main.o(.text) refers to beep.o(.text) for BEEP_GPIO_Config
    main.o(.text) refers to usart.o(.text) for USART2_Config
    main.o(.text) refers to exti.o(.text) for MPU6050_EXTI_Init
    main.o(.text) refers to stm32f10x_gpio.o(.text) for GPIO_ReadInputDataBit
    main.o(.text) refers to delay.o(.text) for delay_ms
    main.o(.text) refers to menu.o(.data) for Setmenu1
    main.o(.text) refers to main.o(.data) for selectItem
    main.o(.text) refers to usart.o(.data) for K210_num
    main.o(.text) refers to exti.o(.data) for zhongduan_count
    main.o(.data) refers to menu.o(.data) for MainMenu
    system_stm32f10x.o(.text) refers to system_stm32f10x.o(.data) for SystemCoreClock
    led.o(.text) refers to stm32f10x_rcc.o(.text) for RCC_APB2PeriphClockCmd
    led.o(.text) refers to stm32f10x_gpio.o(.text) for GPIO_Init
    key.o(.text) refers to stm32f10x_rcc.o(.text) for RCC_APB2PeriphClockCmd
    key.o(.text) refers to stm32f10x_gpio.o(.text) for GPIO_PinRemapConfig
    key.o(.text) refers to delay.o(.text) for delay_ms
    key.o(.text) refers to key.o(.data) for key_up
    oled.o(.text) refers to oled_i2c.o(.text) for IIC_Start
    oled.o(.text) refers to fmul.o(.text) for __aeabi_fmul
    oled.o(.text) refers to ffixi.o(.text) for __aeabi_f2iz
    oled.o(.text) refers to oled.o(.constdata) for F6x8
    oled.o(.text) refers to delay.o(.text) for delay_init
    oled.o(.text) refers to oled.o(.data) for F16x16
    oled_i2c.o(.text) refers to stm32f10x_rcc.o(.text) for RCC_APB2PeriphClockCmd
    oled_i2c.o(.text) refers to stm32f10x_gpio.o(.text) for GPIO_PinRemapConfig
    oled_i2c.o(.text) refers to delay.o(.text) for delay_us
    motor.o(.text) refers to stm32f10x_rcc.o(.text) for RCC_APB2PeriphClockCmd
    motor.o(.text) refers to stm32f10x_gpio.o(.text) for GPIO_Init
    motor.o(.text) refers to stm32f10x_tim.o(.text) for TIM_SetCompare1
    pwm.o(.text) refers to stm32f10x_rcc.o(.text) for RCC_APB2PeriphClockCmd
    pwm.o(.text) refers to stm32f10x_gpio.o(.text) for GPIO_Init
    pwm.o(.text) refers to stm32f10x_tim.o(.text) for TIM_TimeBaseInit
    pwm.o(.text) refers to pwm.o(.data) for CCR1_Val
    beep.o(.text) refers to stm32f10x_rcc.o(.text) for RCC_APB2PeriphClockCmd
    beep.o(.text) refers to stm32f10x_gpio.o(.text) for GPIO_Init
    beep.o(.text) refers to delay.o(.text) for delay_ms
    hcsr04.o(.text) refers to stm32f10x_tim.o(.text) for TIM_SetCounter
    hcsr04.o(.text) refers to delay.o(.text) for delay_ms
    hcsr04.o(.text) refers to stm32f10x_rcc.o(.text) for RCC_APB2PeriphClockCmd
    hcsr04.o(.text) refers to stm32f10x_gpio.o(.text) for GPIO_Init
    hcsr04.o(.text) refers to misc.o(.text) for NVIC_Init
    hcsr04.o(.text) refers to ffltui.o(.text) for __aeabi_ui2f
    hcsr04.o(.text) refers to f2d.o(.text) for __aeabi_f2d
    hcsr04.o(.text) refers to ddiv.o(.text) for __aeabi_ddiv
    hcsr04.o(.text) refers to d2f.o(.text) for __aeabi_d2f
    hcsr04.o(.text) refers to fadd.o(.text) for __aeabi_fadd
    hcsr04.o(.text) refers to fdiv.o(.text) for __aeabi_fdiv
    hcsr04.o(.text) refers to hcsr04.o(.data) for overcount
    mpuiic.o(.text) refers to delay.o(.text) for delay_us
    mpuiic.o(.text) refers to stm32f10x_rcc.o(.text) for RCC_APB2PeriphClockCmd
    mpuiic.o(.text) refers to stm32f10x_gpio.o(.text) for GPIO_Init
    exti.o(.text) refers to motor.o(.text) for Load
    exti.o(.text) refers to dflti.o(.text) for __aeabi_i2d
    exti.o(.text) refers to dmul.o(.text) for __aeabi_dmul
    exti.o(.text) refers to dadd.o(.text) for __aeabi_dadd
    exti.o(.text) refers to dfixi.o(.text) for __aeabi_d2iz
    exti.o(.text) refers to fadd.o(.text) for __aeabi_fadd
    exti.o(.text) refers to fdiv.o(.text) for __aeabi_fdiv
    exti.o(.text) refers to fflti.o(.text) for __aeabi_i2f
    exti.o(.text) refers to ffixi.o(.text) for __aeabi_f2iz
    exti.o(.text) refers to delay.o(.text) for delay_ms
    exti.o(.text) refers to exti.o(.data) for xunji_flag
    exti.o(.text) refers to usart.o(.data) for MV_xunji
    exti.o(.text) refers to main.o(.data) for k210_num_ok
    exti.o(.text) refers to stm32f10x_gpio.o(.text) for GPIO_ReadInputDataBit
[...]
    .text                                    0x0800a268   Section       20  cfrcmple.o(.text)
    .text                                    0x0800a27c   Section        0  uldiv.o(.text)
    .text                                    0x0800a2de   Section        0  llshl.o(.text)
    .text                                    0x0800a2fc   Section        0  llushr.o(.text)
    .text                                    0x0800a31c   Section        0  llsshr.o(.text)
    .text                                    0x0800a340   Section        0  iusefp.o(.text)
    .text                                    0x0800a340   Section        0  fepilogue.o(.text)
    .text                                    0x0800a3ae   Section        0  depilogue.o(.text)
    .text                                    0x0800a468   Section        0  dscalb.o(.text)
    .text                                    0x0800a498   Section       36  init.o(.text)
    .text                                    0x0800a4bc   Section        0  dsqrt.o(.text)
    .text                                    0x0800a55e   Section        0  __dczerorl2.o(.text)
    i.__ARM_fpclassify                       0x0800a5b4   Section        0  fpclassify.o(i.__ARM_fpclassify)
    i.__kernel_poly                          0x0800a5dc   Section        0  poly.o(i.__kernel_poly)
    i.__mathlib_dbl_infnan                   0x0800a686   Section        0  dunder.o(i.__mathlib_dbl_infnan)
    i.__mathlib_dbl_infnan2                  0x0800a68c   Section        0  dunder.o(i.__mathlib_dbl_infnan2)
    i.__mathlib_dbl_invalid                  0x0800a690   Section        0  dunder.o(i.__mathlib_dbl_invalid)
    i.__mathlib_dbl_underflow                0x0800a69c   Section        0  dunder.o(i.__mathlib_dbl_underflow)
    i.__scatterload_copy                     0x0800a6ac   Section       14  handlers.o(i.__scatterload_copy)
    i.__scatterload_null                     0x0800a6ba   Section        2  handlers.o(i.__scatterload_null)
    i.__scatterload_zeroinit                 0x0800a6bc   Section       14  handlers.o(i.__scatterload_zeroinit)
    i.__set_errno                            0x0800a6cc   Section        0  errno.o(i.__set_errno)
    i.asin                                   0x0800a6d8   Section        0  asin.o(i.asin)
    i.atan                                   0x0800a948   Section        0  atan.o(i.atan)
    i.atan2                                  0x0800ab68   Section        0  atan2.o(i.atan2)
    i.sqrt                                   0x0800ace8   Section        0  sqrt.o(i.sqrt)
    .constdata                               0x0800ad34   Section     2072  oled.o(.constdata)
    .constdata                               0x0800b54c   Section       80  inv_mpu.o(.constdata)
    .constdata                               0x0800b59c   Section     3062  inv_mpu_dmp_motion_driver.o(.constdata)
    dmp_memory                               0x0800b59c   Data        3062  inv_mpu_dmp_motion_driver.o(.constdata)
    .constdata                               0x0800c198   Section       80  asin.o(.constdata)
    pS                                       0x0800c198   Data          48  asin.o(.constdata)
    qS                                       0x0800c1c8   Data          32  asin.o(.constdata)
    .constdata                               0x0800c1e8   Section      152  atan.o(.constdata)
    atanhi                                   0x0800c1e8   Data          32  atan.o(.constdata)
    atanlo                                   0x0800c208   Data          32  atan.o(.constdata)
    aTodd                                    0x0800c228   Data          40  atan.o(.constdata)
    aTeven                                   0x0800c250   Data          48  atan.o(.constdata)
    .constdata                               0x0800c280   Section        8  qnan.o(.constdata)
    .conststring                             0x0800c288   Section      154  menu.o(.conststring)
    .data                                    0x20000000   Section       62  main.o(.data)
    .data                                    0x20000040   Section       20  system_stm32f10x.o(.data)
    .data                                    0x20000054   Section        1  key.o(.data)
    key_up                                   0x20000054   Data           1  key.o(.data)
    .data                                    0x20000055   Section     2048  oled.o(.data)
    .data                                    0x20000856   Section        8  pwm.o(.data)
    .data                                    0x2000085e   Section        2  hcsr04.o(.data)
    .data                                    0x20000860   Section      288  exti.o(.data)
    .data                                    0x20000980   Section       53  inv_mpu.o(.data)
    st                                       0x20000980   Data          44  inv_mpu.o(.data)
    gyro_orientation                         0x200009ac   Data           9  inv_mpu.o(.data)
    .data                                    0x200009b8   Section      240  menu.o(.data)
    .data                                    0x20000aa8   Section        4  delay.o(.data)
    fac_us                                   0x20000aa8   Data           1  delay.o(.data)
    fac_ms                                   0x20000aaa   Data           2  delay.o(.data)
    .data                                    0x20000aac   Section       84  usart.o(.data)
    date1                                    0x20000ae2   Data           5  usart.o(.data)
    i_k                                      0x20000ae7   Data           1  usart.o(.data)
    date3                                    0x20000ae8   Data           4  usart.o(.data)
    i_m                                      0x20000aec   Data           1  usart.o(.data)
    j                                        0x20000af0   Data           4  usart.o(.data)
    m                                        0x20000af4   Data           4  usart.o(.data)
    i                                        0x20000af8   Data           4  usart.o(.data)
    usart_i                                  0x20000afc   Data           4  usart.o(.data)
    .data                                    0x20000b00   Section       20  stm32f10x_rcc.o(.data)
    APBAHBPrescTable                         0x20000b00   Data          16  stm32f10x_rcc.o(.data)
    ADCPrescTable                            0x20000b10   Data           4  stm32f10x_rcc.o(.data)
    .data                                    0x20000b14   Section        4  errno.o(.data)
    _errno                                   0x20000b14   Data           4  errno.o(.data)
    .bss                                     0x20000b18   Section       16  inv_mpu_dmp_motion_driver.o(.bss)
    dmp                                      0x20000b18   Data          16  inv_mpu_dmp_motion_driver.o(.bss)
    .bss                                     0x20000b28   Section       10  usart.o(.bss)
    date2                                    0x20000b28   Data          10  usart.o(.bss)
    STACK                                    0x20000b38   Section     2048  startup_stm32f10x_hd.o(STACK)

    Global Symbols

    Symbol Name                              Value     Ov Type        Size  Object(Section)

    BuildAttributes$$THM_ISAv4$P$D$K$B$S$PE$A:L22UL41UL21$X:L11$S22US41US21$IEEE1$IW$USESV6$~STKCKD$USESV7$~SHL$OTIME$ROPI$IEEEX$EBA8$MICROLIB$REQ8$PRES8$EABIv2 0x00000000   Number         0  anon$$obj.o ABSOLUTE
    __ARM_use_no_argv                        0x00000000   Number         0  main.o ABSOLUTE
    __cpp_initialize__aeabi_                  - Undefined Weak Reference
    __cxa_finalize                            - Undefined Weak Reference
    _clock_init                               - Undefined Weak Reference
    _microlib_exit                            - Undefined Weak Reference
    __Vectors_Size                           0x00000130   Number         0  startup_stm32f10x_hd.o ABSOLUTE
    __Vectors                                0x08000000   Data           4  startup_stm32f10x_hd.o(RESET)
    __Vectors_End                            0x08000130   Data           0  startup_stm32f10x_hd.o(RESET)
    __main                                   0x08000131   Thumb Code     0  entry.o(.ARM.Collect$$$$00000000)
    _main_stk                                0x08000131   Thumb Code     0  entry2.o(.ARM.Collect$$$$00000001)
    _main_scatterload                        0x08000135   Thumb Code     0  entry5.o(.ARM.Collect$$$$00000004)
    __main_after_scatterload                 0x08000139   Thumb Code     0  entry5.o(.ARM.Collect$$$$00000004)
    _main_clock                              0x08000139   Thumb Code     0  entry7b.o(.ARM.Collect$$$$00000008)
    _main_cpp_init                           0x08000139   Thumb Code     0  entry8b.o(.ARM.Collect$$$$0000000A)
    _main_init                               0x08000139   Thumb Code     0  entry9a.o(.ARM.Collect$$$$0000000B)
    __rt_final_cpp                           0x08000141   Thumb Code     0  entry10a.o(.ARM.Collect$$$$0000000D)
    __rt_final_exit                          0x08000141   Thumb Code     0  entry11a.o(.ARM.Collect$$$$0000000F)
    main                                     0x08000145   Thumb Code   598  main.o(.text)
    NMI_Handler                              0x0800040d   Thumb Code     2  stm32f10x_it.o(.text)
    HardFault_Handler                        0x0800040f   Thumb Code     4  stm32f10x_it.o(.text)
    MemManage_Handler                        0x08000413   Thumb Code     4  stm32f10x_it.o(.text)
    BusFault_Handler                         0x08000417   Thumb Code     4  stm32f10x_it.o(.text)
    UsageFault_Handler                       0x0800041b   Thumb Code     4  stm32f10x_it.o(.text)
    SVC_Handler                              0x0800041f   Thumb Code     2  stm32f10x_it.o(.text)
    DebugMon_Handler                         0x08000421   Thumb Code     2  stm32f10x_it.o(.text)
    PendSV_Handler                           0x08000423   Thumb Code     2  stm32f10x_it.o(.text)
    SysTick_Handler                          0x08000425   Thumb Code     2  stm32f10x_it.o(.text)
    SystemInit                               0x08000507   Thumb Code    78  system_stm32f10x.o(.text)
    SystemCoreClockUpdate                    0x08000555   Thumb Code   142  system_stm32f10x.o(.text)
    LED_Init                                 0x08000609   Thumb Code   126  led.o(.text)
    KEY_Init                                 0x0800068d   Thumb Code    42  key.o(.text)
    KEY_Scan                                 0x080006b7   Thumb Code   152  key.o(.text)
    OLED_Data                                0x08000761   Thumb Code    76  oled.o(.text)
    OLED_Command                             0x080007ad   Thumb Code    76  oled.o(.text)
    OLED_SetPos                              0x080007f9   Thumb Code    40  oled.o(.text)
    OLED_ShowSNum                            0x08000821   Thumb Code   246  oled.o(.text)
    OLED_ShowStr                             0x08000917   Thumb Code   228  oled.o(.text)
    OLED_Show_xiaoshu2                       0x080009fb   Thumb Code   120  oled.o(.text)
    OLED_Shownum2                            0x08000a73   Thumb Code   188  oled.o(.text)
    OLED_Shownum3                            0x08000b2f   Thumb Code   388  oled.o(.text)
    OLED_Show_Real                           0x08000cb3   Thumb Code   556  oled.o(.text)
    OLED_Show_Expect                         0x08000edf   Thumb Code   554  oled.o(.text)
    OLED_Shownum1                            0x08001109   Thumb Code   206  oled.o(.text)
    OLED_ShowPWM                             0x080011d7   Thumb Code   104  oled.o(.text)
    Showfuhaoshu_4wei                        0x0800123f   Thumb Code    54  oled.o(.text)
    OLED_Show_pitch_Angle                    0x08001275   Thumb Code    70  oled.o(.text)
    OLED_ShowAngle                           0x080012bb   Thumb Code   140  oled.o(.text)
    OLED_zhengshu_3wei                       0x08001347   Thumb Code   154  oled.o(.text)
    Showfuhaoshu_3wei                        0x080013e1   Thumb Code    54  oled.o(.text)
    OLED_zhengshu_2wei                       0x08001417   Thumb Code   104  oled.o(.text)
    Showfuhaoshu_2wei                        0x0800147f   Thumb Code    54  oled.o(.text)
    OLED_Shownum4                            0x080014b5   Thumb Code   294  oled.o(.text)
    Num_Digit                                0x080015db   Thumb Code    64  oled.o(.text)
    OLED_ShowNum55                           0x0800161b   Thumb Code   742  oled.o(.text)
    OLED_ShowNum44                           0x08001901   Thumb Code   552  oled.o(.text)
    OLED_ShowNum33                           0x08001b29   Thumb Code   358  oled.o(.text)
    OLED_ShowCN                              0x08001c8f   Thumb Code    80  oled.o(.text)
    OLED_DrawBMP                             0x08001cdf   Thumb Code   116  oled.o(.text)
    OLED_Fill                                0x08001d53   Thumb Code    58  oled.o(.text)
    OLED_Clear                               0x08001d8d   Thumb Code    10  oled.o(.text)
    OLED_ON                                  0x08001d97   Thumb Code    22  oled.o(.text)
    OLED_OFF                                 0x08001dad   Thumb Code    22  oled.o(.text)
    OLED_Init                                0x08001dc3   Thumb Code   208  oled.o(.text)
    IIC_Init                                 0x08001e99   Thumb Code    62  oled_i2c.o(.text)
    IIC_Stop                                 0x08001ed7   Thumb Code    62  oled_i2c.o(.text)
    IIC_Wait_Ack                             0x08001f15   Thumb Code    86  oled_i2c.o(.text)
    IIC_Send_Byte                            0x08001f6b   Thumb Code    90  oled_i2c.o(.text)
    IIC_Start                                0x08001fc5   Thumb Code    68  oled_i2c.o(.text)
    OLED_WR_Byte                             0x08002009   Thumb Code    56  oled_i2c.o(.text)
    IIC_Ack                                  0x08002041   Thumb Code    66  oled_i2c.o(.text)
    IIC_NAck                                 0x08002083   Thumb Code    66  oled_i2c.o(.text)
    IIC_Read_Byte                            0x080020c5   Thumb Code    98  oled_i2c.o(.text)
    Motor_Init                               0x08002139   Thumb Code    48  motor.o(.text)
    Limit                                    0x08002169   Thumb Code    54  motor.o(.text)
    GFP_abs                                  0x0800219f   Thumb Code    16  motor.o(.text)
    Load                                     0x080021af   Thumb Code   148  motor.o(.text)
    GENERAL_TIM_Init                         0x0800231d   Thumb Code    12  pwm.o(.text)
    BEEP_GPIO_Config                         0x08002339   Thumb Code    46  beep.o(.text)
    Beep_start                               0x08002367   Thumb Code    36  beep.o(.text)
    OpenTimeForHc                            0x08002391   Thumb Code    26  hcsr04.o(.text)
    CloseTimeForHc                           0x080023ab   Thumb Code    12  hcsr04.o(.text)
    GetEchoTimer                             0x080023b7   Thumb Code    42  hcsr04.o(.text)
    HCSR04_Init                              0x080023e1   Thumb Code   178  hcsr04.o(.text)
    Hcsr04GetLength                          0x08002493   Thumb Code   134  hcsr04.o(.text)
    TIM7_IRQHandler                          0x08002519   Thumb Code    32  hcsr04.o(.text)
    MPU_IIC_Delay                            0x08002555   Thumb Code    10  mpuiic.o(.text)
    MPU_IIC_Init                             0x0800255f   Thumb Code    38  mpuiic.o(.text)
    MPU_IIC_Start                            0x08002585   Thumb Code    60  mpuiic.o(.text)
    MPU_IIC_Stop                             0x080025c1   Thumb Code    62  mpuiic.o(.text)
    MPU_IIC_Wait_Ack                         0x080025ff   Thumb Code    86  mpuiic.o(.text)
    MPU_IIC_Ack                              0x08002655   Thumb Code    66  mpuiic.o(.text)
    MPU_IIC_NAck                             0x08002697   Thumb Code    66  mpuiic.o(.text)
    MPU_IIC_Send_Byte                        0x080026d9   Thumb Code    82  mpuiic.o(.text)
    MPU_IIC_Read_Byte                        0x0800272b   Thumb Code    96  mpuiic.o(.text)
    room4                                    0x08002799   Thumb Code  1834  exti.o(.text)
    room3                                    0x08002ec3   Thumb Code  1370  exti.o(.text)
    room2                                    0x0800341d   Thumb Code  1166  exti.o(.text)
    room1                                    0x080038ab   Thumb Code  1132  exti.o(.text)
    EXTI9_5_IRQHandler                       0x08003d17   Thumb Code   360  exti.o(.text)
    MPU6050_EXTI_Init                        0x08003e7f   Thumb Code   112  exti.o(.text)
    Encoder_TIM2_Init                        0x08003f1d   Thumb Code   146  encoder.o(.text)
    Encoder_TIM3_Init                        0x08003faf   Thumb Code   148  encoder.o(.text)
    Read_Speed                               0x08004043   Thumb Code    64  encoder.o(.text)
    TIM2_IRQHandler                          0x08004083   Thumb Code    22  encoder.o(.text)
    TIM3_IRQHandler                          0x08004099   Thumb Code    22  encoder.o(.text)
    PWM_Init_TIM8                            0x080040b9   Thumb Code   196  duoji.o(.text)
    BASIC_TIM_Init                           0x080041eb   Thumb Code    12  bsp_timbase.o(.text)
    TIM6_IRQHandler                          0x080041f7   Thumb Code    22  bsp_timbase.o(.text)
    DMP_Init                                 0x08004211   Thumb Code    94  mpu6050.o(.text)
    MPU_Write_Byte                           0x0800426f   Thumb Code    68  mpu6050.o(.text)
    MPU_Set_LPF                              0x080042b3   Thumb Code    58  mpu6050.o(.text)
    MPU_Set_Rate                             0x080042ed   Thumb Code    50  mpu6050.o(.text)
    MPU_Read_Byte                            0x0800431f   Thumb Code    58  mpu6050.o(.text)
    MPU_Set_Accel_Fsr                        0x08004359   Thumb Code    16  mpu6050.o(.text)
    MPU_Set_Gyro_Fsr                         0x08004369   Thumb Code    16  mpu6050.o(.text)
    MPU_Init                                 0x08004379   Thumb Code   146  mpu6050.o(.text)
    MPU_Read_Len                             0x0800440b   Thumb Code   116  mpu6050.o(.text)
    MPU_Get_Temperature                      0x0800447f   Thumb Code    86  mpu6050.o(.text)
    MPU_Get_Gyroscope                        0x080044d5   Thumb Code    80  mpu6050.o(.text)
    MPU_Get_Accelerometer                    0x08004525   Thumb Code    80  mpu6050.o(.text)
    MPU_Write_Len                            0x08004575   Thumb Code    96  mpu6050.o(.text)
    mpu_reg_dump                             0x080046b3   Thumb Code    72  inv_mpu.o(.text)
    mpu_read_reg                             0x080046fb   Thumb Code    66  inv_mpu.o(.text)
    mpu_set_int_latched                      0x0800473d   Thumb Code   102  inv_mpu.o(.text)
    mpu_set_sensors                          0x080047a3   Thumb Code   202  inv_mpu.o(.text)
    mpu_set_bypass                           0x0800486d   Thumb Code   328  inv_mpu.o(.text)
    mpu_reset_fifo                           0x080049b5   Thumb Code   456  inv_mpu.o(.text)
    mpu_configure_fifo                       0x08004b7d   Thumb Code   106  inv_mpu.o(.text)
    mpu_set_lpf                              0x08004be7   Thumb Code   126  inv_mpu.o(.text)
    mpu_lp_accel_mode                        0x08004c65   Thumb Code   218  inv_mpu.o(.text)
    mpu_set_sample_rate                      0x08004d3f   Thumb Code   152  inv_mpu.o(.text)
    mpu_set_accel_fsr                        0x08004dd7   Thumb Code   132  inv_mpu.o(.text)
    mpu_set_gyro_fsr                         0x08004e5b   Thumb Code   132  inv_mpu.o(.text)
    mpu_init                                 0x08004edf   Thumb Code   396  inv_mpu.o(.text)
    mget_ms                                  0x0800506b   Thumb Code     2  inv_mpu.o(.text)
    mpu_get_gyro_reg                         0x0800506d   Thumb Code   110  inv_mpu.o(.text)
    mpu_get_accel_reg                        0x080050db   Thumb Code   110  inv_mpu.o(.text)
    mpu_get_temperature                      0x08005149   Thumb Code   150  inv_mpu.o(.text)
    mpu_set_accel_bias                       0x080051df   Thumb Code   390  inv_mpu.o(.text)
    mpu_get_gyro_fsr                         0x08005365   Thumb Code    64  inv_mpu.o(.text)
    mpu_get_accel_fsr                        0x080053a5   Thumb Code    72  inv_mpu.o(.text)
    mpu_get_lpf                              0x080053ed   Thumb Code    74  inv_mpu.o(.text)
    mpu_get_sample_rate                      0x08005437   Thumb Code    26  inv_mpu.o(.text)
    mpu_get_compass_sample_rate              0x08005451   Thumb Code    10  inv_mpu.o(.text)
    mpu_set_compass_sample_rate              0x0800545b   Thumb Code     8  inv_mpu.o(.text)
    mpu_get_gyro_sens                        0x08005463   Thumb Code    58  inv_mpu.o(.text)
    mpu_get_accel_sens                       0x0800549d   Thumb Code    78  inv_mpu.o(.text)
    mpu_get_fifo_config                      0x080054eb   Thumb Code    12  inv_mpu.o(.text)
    mpu_get_power_state                      0x080054f7   Thumb Code    22  inv_mpu.o(.text)
    mpu_get_int_status                       0x0800550d   Thumb Code    64  inv_mpu.o(.text)
    mpu_read_fifo                            0x0800554d   Thumb Code   522  inv_mpu.o(.text)
    mpu_read_fifo_stream                     0x08005757   Thumb Code   186  inv_mpu.o(.text)
    mpu_set_int_level                        0x08005811   Thumb Code    12  inv_mpu.o(.text)
    mpu_set_dmp_state                        0x08005ef1   Thumb Code   138  inv_mpu.o(.text)
    mpu_run_self_test                        0x08005f7b   Thumb Code   278  inv_mpu.o(.text)
    mpu_write_mem                            0x08006091   Thumb Code   122  inv_mpu.o(.text)
    mpu_read_mem                             0x0800610b   Thumb Code   122  inv_mpu.o(.text)
    mpu_load_firmware                        0x08006185   Thumb Code   190  inv_mpu.o(.text)
    mpu_get_dmp_state                        0x08006243   Thumb Code    14  inv_mpu.o(.text)
    setup_compass                            0x08006251   Thumb Code     6  inv_mpu.o(.text)
    mpu_get_compass_reg                      0x08006257   Thumb Code     8  inv_mpu.o(.text)
    mpu_get_compass_fsr                      0x0800625f   Thumb Code     8  inv_mpu.o(.text)
    mpu_lp_motion_interrupt                  0x08006267   Thumb Code   512  inv_mpu.o(.text)
    run_self_test                            0x08006467   Thumb Code   132  inv_mpu.o(.text)
    inv_row_2_scale                          0x080064eb   Thumb Code    78  inv_mpu.o(.text)
    inv_orientation_matrix_to_scalar         0x08006539   Thumb Code    40  inv_mpu.o(.text)
    mpu_dmp_init                             0x08006561   Thumb Code   154  inv_mpu.o(.text)
    mpu_dmp_get_data                         0x080065fb   Thumb Code   554  inv_mpu.o(.text)
    dmp_load_motion_driver_firmware          0x08006829   Thumb Code    20  inv_mpu_dmp_motion_driver.o(.text)
    dmp_set_orientation                      0x0800683d   Thumb Code   290  inv_mpu_dmp_motion_driver.o(.text)
    dmp_set_gyro_bias                        0x0800695f   Thumb Code   294  inv_mpu_dmp_motion_driver.o(.text)
    dmp_set_accel_bias                       0x08006a85   Thumb Code   300  inv_mpu_dmp_motion_driver.o(.text)
    dmp_set_fifo_rate                        0x08006bb1   Thumb Code   136  inv_mpu_dmp_motion_driver.o(.text)
    dmp_get_fifo_rate                        0x08006c39   Thumb Code    12  inv_mpu_dmp_motion_driver.o(.text)
    dmp_set_tap_thresh                       0x08006c45   Thumb Code   396  inv_mpu_dmp_motion_driver.o(.text)
    dmp_set_tap_axes                         0x08006dd1   Thumb Code    70  inv_mpu_dmp_motion_driver.o(.text)
    dmp_set_tap_count                        0x08006e17   Thumb Code    38  inv_mpu_dmp_motion_driver.o(.text)
    dmp_set_tap_time                         0x08006e3d   Thumb Code    38  inv_mpu_dmp_motion_driver.o(.text)
    dmp_set_tap_time_multi                   0x08006e63   Thumb Code    38  inv_mpu_dmp_motion_driver.o(.text)
    dmp_set_shake_reject_thresh              0x08006e89   Thumb Code    56  inv_mpu_dmp_motion_driver.o(.text)
    dmp_set_shake_reject_time                0x08006ec1   Thumb Code    38  inv_mpu_dmp_motion_driver.o(.text)
    dmp_set_shake_reject_timeout             0x08006ee7   Thumb Code    38  inv_mpu_dmp_motion_driver.o(.text)
    dmp_get_pedometer_step_count             0x08006f0d   Thumb Code    66  inv_mpu_dmp_motion_driver.o(.text)
    dmp_set_pedometer_step_count             0x08006f4f   Thumb Code    42  inv_mpu_dmp_motion_driver.o(.text)
    dmp_get_pedometer_walk_time              0x08006f79   Thumb Code    72  inv_mpu_dmp_motion_driver.o(.text)
    dmp_set_pedometer_walk_time              0x08006fc1   Thumb Code    48  inv_mpu_dmp_motion_driver.o(.text)
    dmp_enable_6x_lp_quat                    0x08006ff1   Thumb Code    84  inv_mpu_dmp_motion_driver.o(.text)
    dmp_enable_lp_quat                       0x08007045   Thumb Code    60  inv_mpu_dmp_motion_driver.o(.text)
    dmp_enable_gyro_cal                      0x08007081   Thumb Code    62  inv_mpu_dmp_motion_driver.o(.text)
    dmp_enable_feature                       0x080070bf   Thumb Code   530  inv_mpu_dmp_motion_driver.o(.text)
    dmp_get_enabled_features                 0x080072d1   Thumb Code    12  inv_mpu_dmp_motion_driver.o(.text)
    dmp_set_interrupt_mode                   0x0800733b   Thumb Code    66  inv_mpu_dmp_motion_driver.o(.text)
    dmp_read_fifo                            0x0800737d   Thumb Code   514  inv_mpu_dmp_motion_driver.o(.text)
    dmp_register_tap_cb                      0x0800757f   Thumb Code    10  inv_mpu_dmp_motion_driver.o(.text)
    dmp_register_android_orient_cb           0x08007589   Thumb Code    10  inv_mpu_dmp_motion_driver.o(.text)
    delay_init                               0x08007599   Thumb Code    50  delay.o(.text)
    delay_us                                 0x080075cb   Thumb Code    72  delay.o(.text)
    delay_ms                                 0x08007613   Thumb Code    72  delay.o(.text)
    USART1_IRQHandler                        0x0800766d   Thumb Code   910  usart.o(.text)
    room3_usart                              0x080079fb   Thumb Code     2  usart.o(.text)
    room2_usart                              0x080079fd   Thumb Code     2  usart.o(.text)
    room1_usart                              0x080079ff   Thumb Code     2  usart.o(.text)
    USART3_IRQHandler                        0x08007a01   Thumb Code   572  usart.o(.text)
    room1_start                              0x08007c3d   Thumb Code    28  usart.o(.text)
    room2_start                              0x08007c59   Thumb Code    28  usart.o(.text)
    room3_start                              0x08007c75   Thumb Code    24  usart.o(.text)
    room4_start                              0x08007c8d   Thumb Code    24  usart.o(.text)
    USART2_IRQHandler                        0x08007ca5   Thumb Code   104  usart.o(.text)
    Usart_SendByte                           0x08007d0d   Thumb Code    30  usart.o(.text)
    Usart2_Send_function                     0x08007d2b   Thumb Code    46  usart.o(.text)
    USART1_Config                            0x08007dd3   Thumb Code   136  usart.o(.text)
    USART2_Config                            0x08007e5b   Thumb Code   226  usart.o(.text)
    USART3_Config                            0x08007f3d   Thumb Code   136  usart.o(.text)
    Usart_SendArray                          0x08007fc5   Thumb Code    48  usart.o(.text)
    Usart_SendString                         0x08007ff5   Thumb Code    42  usart.o(.text)
    Usart_SendHalfWord                       0x0800801f   Thumb Code    60  usart.o(.text)
    fputc                                    0x0800805b   Thumb Code    32  usart.o(.text)
    fgetc                                    0x0800807b   Thumb Code    26  usart.o(.text)
    Reset_Handler                            0x080080a1   Thumb Code     8  startup_stm32f10x_hd.o(.text)
    ADC1_2_IRQHandler                        0x080080bb   Thumb Code     0  startup_stm32f10x_hd.o(.text)
    ADC3_IRQHandler                          0x080080bb   Thumb Code     0  startup_stm32f10x_hd.o(.text)
    CAN1_RX1_IRQHandler                      0x080080bb   Thumb Code     0  startup_stm32f10x_hd.o(.text)
    CAN1_SCE_IRQHandler                      0x080080bb   Thumb Code     0  startup_stm32f10x_hd.o(.text)
    DMA1_Channel1_IRQHandler                 0x080080bb   Thumb Code     0  startup_stm32f10x_hd.o(.text)
    DMA1_Channel2_IRQHandler                 0x080080bb   Thumb Code     0  startup_stm32f10x_hd.o(.text)
    DMA1_Channel3_IRQHandler                 0x080080bb   Thumb Code     0  startup_stm32f10x_hd.o(.text)
    DMA1_Channel4_IRQHandler                 0x080080bb   Thumb Code     0  startup_stm32f10x_hd.o(.text)
    DMA1_Channel5_IRQHandler                 0x080080bb   Thumb Code     0  startup_stm32f10x_hd.o(.text)
    DMA1_Channel6_IRQHandler                 0x080080bb   Thumb Code     0  startup_stm32f10x_hd.o(.text)
    DMA1_Channel7_IRQHandler                 0x080080bb   Thumb Code     0  startup_stm32f10x_hd.o(.text)
    DMA2_Channel1_IRQHandler                 0x080080bb   Thumb Code     0  startup_stm32f10x_hd.o(.text)
    DMA2_Channel2_IRQHandler                 0x080080bb   Thumb Code     0  startup_stm32f10x_hd.o(.text)
    DMA2_Channel3_IRQHandler                 0x080080bb   Thumb Code     0  startup_stm32f10x_hd.o(.text)
    DMA2_Channel4_5_IRQHandler               0x080080bb   Thumb Code     0  startup_stm32f10x_hd.o(.text)
    EXTI0_IRQHandler                         0x080080bb   Thumb Code     0  startup_stm32f10x_hd.o(.text)
    EXTI15_10_IRQHandler                     0x080080bb   Thumb Code     0  startup_stm32f10x_hd.o(.text)
    EXTI1_IRQHandler                         0x080080bb   Thumb Code     0  startup_stm32f10x_hd.o(.text)
    EXTI2_IRQHandler                         0x080080bb   Thumb Code     0  startup_stm32f10x_hd.o(.text)
    EXTI3_IRQHandler                         0x080080bb   Thumb Code     0  startup_stm32f10x_hd.o(.text)
    EXTI4_IRQHandler                         0x080080bb   Thumb Code     0  startup_stm32f10x_hd.o(.text)
    FLASH_IRQHandler                         0x080080bb   Thumb Code     0  startup_stm32f10x_hd.o(.text)
    FSMC_IRQHandler                          0x080080bb   Thumb Code     0  startup_stm32f10x_hd.o(.text)
    I2C1_ER_IRQHandler                       0x080080bb   Thumb Code     0  startup_stm32f10x_hd.o(.text)
    I2C1_EV_IRQHandler                       0x080080bb   Thumb Code     0  startup_stm32f10x_hd.o(.text)
    I2C2_ER_IRQHandler                       0x080080bb   Thumb Code     0  startup_stm32f10x_hd.o(.text)
    I2C2_EV_IRQHandler                       0x080080bb   Thumb Code     0  startup_stm32f10x_hd.o(.text)
    PVD_IRQHandler                           0x080080bb   Thumb Code     0  startup_stm32f10x_hd.o(.text)
    RCC_IRQHandler                           0x080080bb   Thumb Code     0  startup_stm32f10x_hd.o(.text)
    RTCAlarm_IRQHandler                      0x080080bb   Thumb Code     0  startup_stm32f10x_hd.o(.text)
    RTC_IRQHandler                           0x080080bb   Thumb Code     0  startup_stm32f10x_hd.o(.text)
    SDIO_IRQHandler                          0x080080bb   Thumb Code     0  startup_stm32f10x_hd.o(.text)
    SPI1_IRQHandler                          0x080080bb   Thumb Code     0  startup_stm32f10x_hd.o(.text)
    SPI2_IRQHandler                          0x080080bb   Thumb Code     0  startup_stm32f10x_hd.o(.text)
    SPI3_IRQHandler                          0x080080bb   Thumb Code     0  startup_stm32f10x_hd.o(.text)
    TAMPER_IRQHandler                        0x080080bb   Thumb Code     0  startup_stm32f10x_hd.o(.text)
    TIM1_BRK_IRQHandler                      0x080080bb   Thumb Code     0  startup_stm32f10x_hd.o(.text)
    TIM1_CC_IRQHandler                       0x080080bb   Thumb Code     0  startup_stm32f10x_hd.o(.text)
    TIM1_TRG_COM_IRQHandler                  0x080080bb   Thumb Code     0  startup_stm32f10x_hd.o(.text)
    TIM1_UP_IRQHandler                       0x080080bb   Thumb Code     0  startup_stm32f10x_hd.o(.text)
    TIM4_IRQHandler                          0x080080bb   Thumb Code     0  startup_stm32f10x_hd.o(.text)
    TIM5_IRQHandler                          0x080080bb   Thumb Code     0  startup_stm32f10x_hd.o(.text)
    TIM8_BRK_IRQHandler                      0x080080bb   Thumb Code     0  startup_stm32f10x_hd.o(.text)
    TIM8_CC_IRQHandler                       0x080080bb   Thumb Code     0  startup_stm32f10x_hd.o(.text)
    TIM8_TRG_COM_IRQHandler                  0x080080bb   Thumb Code     0  startup_stm32f10x_hd.o(.text)
    TIM8_UP_IRQHandler                       0x080080bb   Thumb Code     0  startup_stm32f10x_hd.o(.text)
    UART4_IRQHandler                         0x080080bb   Thumb Code     0  startup_stm32f10x_hd.o(.text)
    UART5_IRQHandler                         0x080080bb   Thumb Code     0  startup_stm32f10x_hd.o(.text)
    USBWakeUp_IRQHandler                     0x080080bb   Thumb Code     0  startup_stm32f10x_hd.o(.text)
    USB_HP_CAN1_TX_IRQHandler                0x080080bb   Thumb Code     0  startup_stm32f10x_hd.o(.text)
    USB_LP_CAN1_RX0_IRQHandler               0x080080bb   Thumb Code     0  startup_stm32f10x_hd.o(.text)
    WWDG_IRQHandler                          0x080080bb   Thumb Code     0  startup_stm32f10x_hd.o(.text)
    GPIO_DeInit                              0x080080c5   Thumb Code   172  stm32f10x_gpio.o(.text)
    GPIO_AFIODeInit                          0x08008171   Thumb Code    20  stm32f10x_gpio.o(.text)
    GPIO_Init                                0x08008185   Thumb Code   278  stm32f10x_gpio.o(.text)
    GPIO_StructInit                          0x0800829b   Thumb Code    16  stm32f10x_gpio.o(.text)
    GPIO_ReadInputDataBit                    0x080082ab   Thumb Code    18  stm32f10x_gpio.o(.text)
    GPIO_ReadInputData                       0x080082bd   Thumb Code     8  stm32f10x_gpio.o(.text)
    GPIO_ReadOutputDataBit                   0x080082c5   Thumb Code    18  stm32f10x_gpio.o(.text)
    GPIO_ReadOutputData                      0x080082d7   Thumb Code     8  stm32f10x_gpio.o(.text)
    GPIO_SetBits                             0x080082df   Thumb Code     4  stm32f10x_gpio.o(.text)
    GPIO_ResetBits                           0x080082e3   Thumb Code     4  stm32f10x_gpio.o(.text)
    GPIO_WriteBit                            0x080082e7   Thumb Code    10  stm32f10x_gpio.o(.text)
    GPIO_Write                               0x080082f1   Thumb Code     4  stm32f10x_gpio.o(.text)
    GPIO_PinLockConfig                       0x080082f5   Thumb Code    18  stm32f10x_gpio.o(.text)
    GPIO_EventOutputConfig                   0x08008307   Thumb Code    26  stm32f10x_gpio.o(.text)
    GPIO_EventOutputCmd                      0x08008321   Thumb Code     6  stm32f10x_gpio.o(.text)
    GPIO_PinRemapConfig                      0x08008327   Thumb Code   138  stm32f10x_gpio.o(.text)
    GPIO_EXTILineConfig                      0x080083b1   Thumb Code    66  stm32f10x_gpio.o(.text)
    GPIO_ETH_MediaInterfaceConfig            0x080083f3   Thumb Code     8  stm32f10x_gpio.o(.text)
    RCC_DeInit                               0x08008421   Thumb Code    64  stm32f10x_rcc.o(.text)
    RCC_HSEConfig                            0x08008461   Thumb Code    70  stm32f10x_rcc.o(.text)
    RCC_GetFlagStatus                        0x080084a7   Thumb Code    56  stm32f10x_rcc.o(.text)
    RCC_WaitForHSEStartUp                    0x080084df   Thumb Code    56  stm32f10x_rcc.o(.text)
    RCC_AdjustHSICalibrationValue            0x08008517   Thumb Code    20  stm32f10x_rcc.o(.text)
    RCC_HSICmd                               0x0800852b   Thumb Code     6  stm32f10x_rcc.o(.text)
    RCC_PLLConfig                            0x08008531   Thumb Code    24  stm32f10x_rcc.o(.text)
    RCC_PLLCmd                               0x08008549   Thumb Code     6  stm32f10x_rcc.o(.text)
    RCC_SYSCLKConfig                         0x0800854f   Thumb Code    18  stm32f10x_rcc.o(.text)
    RCC_GetSYSCLKSource                      0x08008561   Thumb Code    10  stm32f10x_rcc.o(.text)
    RCC_HCLKConfig                           0x0800856b   Thumb Code    18  stm32f10x_rcc.o(.text)
    RCC_PCLK1Config                          0x0800857d   Thumb Code    18  stm32f10x_rcc.o(.text)
    RCC_PCLK2Config                          0x0800858f   Thumb Code    20  stm32f10x_rcc.o(.text)
    RCC_ITConfig                             0x080085a3   Thumb Code    26  stm32f10x_rcc.o(.text)
    RCC_USBCLKConfig                         0x080085bd   Thumb Code     8  stm32f10x_rcc.o(.text)
    RCC_ADCCLKConfig                         0x080085c5   Thumb Code    18  stm32f10x_rcc.o(.text)
    RCC_LSEConfig                            0x080085d7   Thumb Code    50  stm32f10x_rcc.o(.text)
    RCC_LSICmd                               0x08008609   Thumb Code     6  stm32f10x_rcc.o(.text)
    RCC_RTCCLKConfig                         0x0800860f   Thumb Code    12  stm32f10x_rcc.o(.text)
    RCC_RTCCLKCmd                            0x0800861b   Thumb Code     8  stm32f10x_rcc.o(.text)
    RCC_GetClocksFreq                        0x08008623   Thumb Code   192  stm32f10x_rcc.o(.text)
    RCC_AHBPeriphClockCmd                    0x080086e3   Thumb Code    26  stm32f10x_rcc.o(.text)
    RCC_APB2PeriphClockCmd                   0x080086fd   Thumb Code    26  stm32f10x_rcc.o(.text)
    RCC_APB1PeriphClockCmd                   0x08008717   Thumb Code    26  stm32f10x_rcc.o(.text)
    RCC_APB2PeriphResetCmd                   0x08008731   Thumb Code    26  stm32f10x_rcc.o(.text)
    RCC_APB1PeriphResetCmd                   0x0800874b   Thumb Code    26  stm32f10x_rcc.o(.text)
    RCC_BackupResetCmd                       0x08008765   Thumb Code     8  stm32f10x_rcc.o(.text)
    RCC_ClockSecuritySystemCmd               0x0800876d   Thumb Code     6  stm32f10x_rcc.o(.text)
    RCC_MCOConfig                            0x08008773   Thumb Code     6  stm32f10x_rcc.o(.text)
    RCC_ClearFlag                            0x08008779   Thumb Code    14  stm32f10x_rcc.o(.text)
    RCC_GetITStatus                          0x08008787   Thumb Code    20  stm32f10x_rcc.o(.text)
    RCC_ClearITPendingBit                    0x0800879b   Thumb Code     6  stm32f10x_rcc.o(.text)
    USART_DeInit                             0x080087c5   Thumb Code   134  stm32f10x_usart.o(.text)
    USART_Init                               0x0800884b   Thumb Code   210  stm32f10x_usart.o(.text)
    USART_StructInit                         0x0800891d   Thumb Code    24  stm32f10x_usart.o(.text)
    USART_ClockInit                          0x08008935   Thumb Code    34  stm32f10x_usart.o(.text)
    USART_ClockStructInit                    0x08008957   Thumb Code    12  stm32f10x_usart.o(.text)
    USART_Cmd                                0x08008963   Thumb Code    24  stm32f10x_usart.o(.text)
    USART_ITConfig                           0x0800897b   Thumb Code    74  stm32f10x_usart.o(.text)
    USART_DMACmd                             0x080089c5   Thumb Code    18  stm32f10x_usart.o(.text)
    USART_SetAddress                         0x080089d7   Thumb Code    18  stm32f10x_usart.o(.text)
    USART_WakeUpConfig                       0x080089e9   Thumb Code    18  stm32f10x_usart.o(.text)
    USART_ReceiverWakeUpCmd                  0x080089fb   Thumb Code    24  stm32f10x_usart.o(.text)
    USART_LINBreakDetectLengthConfig         0x08008a13   Thumb Code    18  stm32f10x_usart.o(.text)
    USART_LINCmd                             0x08008a25   Thumb Code    24  stm32f10x_usart.o(.text)
    USART_SendData                           0x08008a3d   Thumb Code     8  stm32f10x_usart.o(.text)
    USART_ReceiveData                        0x08008a45   Thumb Code    10  stm32f10x_usart.o(.text)
    USART_SendBreak                          0x08008a4f   Thumb Code    10  stm32f10x_usart.o(.text)
    USART_SetGuardTime                       0x08008a59   Thumb Code    16  stm32f10x_usart.o(.text)
    USART_SetPrescaler                       0x08008a69   Thumb Code    16  stm32f10x_usart.o(.text)
    USART_SmartCardCmd                       0x08008a79   Thumb Code    24  stm32f10x_usart.o(.text)
    USART_SmartCardNACKCmd                   0x08008a91   Thumb Code    24  stm32f10x_usart.o(.text)
    USART_HalfDuplexCmd                      0x08008aa9   Thumb Code    24  stm32f10x_usart.o(.text)
    USART_OverSampling8Cmd                   0x08008ac1   Thumb Code    22  stm32f10x_usart.o(.text)
    USART_OneBitMethodCmd                    0x08008ad7   Thumb Code    24  stm32f10x_usart.o(.text)
    USART_IrDAConfig                         0x08008aef   Thumb Code    18  stm32f10x_usart.o(.text)
    USART_IrDACmd                            0x08008b01   Thumb Code    24  stm32f10x_usart.o(.text)
    USART_GetFlagStatus                      0x08008b19   Thumb Code    26  stm32f10x_usart.o(.text)
    USART_ClearFlag                          0x08008b33   Thumb Code    18  stm32f10x_usart.o(.text)
    USART_GetITStatus                        0x08008b45   Thumb Code    84  stm32f10x_usart.o(.text)
    USART_ClearITPendingBit                  0x08008b99   Thumb Code    52  stm32f10x_usart.o(.text)
    NVIC_PriorityGroupConfig                 0x08008bcd   Thumb Code    10  misc.o(.text)
    NVIC_Init                                0x08008bd7   Thumb Code   100  misc.o(.text)
    NVIC_SetVectorTable                      0x08008c3b   Thumb Code    14  misc.o(.text)
    NVIC_SystemLPConfig                      0x08008c49   Thumb Code    34  misc.o(.text)
    SysTick_CLKSourceConfig                  0x08008c6b   Thumb Code    40  misc.o(.text)
    EXTI_DeInit                              0x08008ca9   Thumb Code    28  stm32f10x_exti.o(.text)
    EXTI_Init                                0x08008cc5   Thumb Code   142  stm32f10x_exti.o(.text)
    EXTI_StructInit                          0x08008d53   Thumb Code    16  stm32f10x_exti.o(.text)
    EXTI_GenerateSWInterrupt                 0x08008d63   Thumb Code    16  stm32f10x_exti.o(.text)
    EXTI_GetFlagStatus                       0x08008d73   Thumb Code    22  stm32f10x_exti.o(.text)
    EXTI_ClearFlag                           0x08008d89   Thumb Code     8  stm32f10x_exti.o(.text)
    EXTI_GetITStatus                         0x08008d91   Thumb Code    34  stm32f10x_exti.o(.text)
    EXTI_ClearITPendingBit                   0x08008db3   Thumb Code     8  stm32f10x_exti.o(.text)
    TIM_DeInit                               0x08008dc5   Thumb Code   424  stm32f10x_tim.o(.text)
    TIM_TimeBaseInit                         0x08008f6d   Thumb Code   122  stm32f10x_tim.o(.text)
    TIM_OC1Init                              0x08008fe7   Thumb Code   132  stm32f10x_tim.o(.text)
    TIM_OC2Init                              0x0800906b   Thumb Code   154  stm32f10x_tim.o(.text)
    TIM_OC3Init                              0x08009105   Thumb Code   150  stm32f10x_tim.o(.text)
    TIM_OC4Init                              0x0800919b   Thumb Code   182  stm32f10x_tim.o(.text)
    TIM_SetIC4Prescaler                      0x08009251   Thumb Code    26  stm32f10x_tim.o(.text)
    TIM_SetIC3Prescaler                      0x080092ed   Thumb Code    18  stm32f10x_tim.o(.text)
    TIM_SetIC2Prescaler                      0x08009379   Thumb Code    26  stm32f10x_tim.o(.text)
    TIM_SetIC1Prescaler                      0x08009415   Thumb Code    18  stm32f10x_tim.o(.text)
    TIM_ICInit                               0x08009493   Thumb Code   150  stm32f10x_tim.o(.text)
    TIM_PWMIConfig                           0x08009529   Thumb Code   124  stm32f10x_tim.o(.text)
    TIM_BDTRConfig                           0x080095a5   Thumb Code    32  stm32f10x_tim.o(.text)
    TIM_TimeBaseStructInit                   0x080095c5   Thumb Code    18  stm32f10x_tim.o(.text)
    TIM_OCStructInit                         0x080095d7   Thumb Code    20  stm32f10x_tim.o(.text)
    TIM_ICStructInit                         0x080095eb   Thumb Code    18  stm32f10x_tim.o(.text)
    TIM_BDTRStructInit                       0x080095fd   Thumb Code    40  stm32f10x_tim.o(.text)
    TIM_Cmd                                  0x08009625   Thumb Code    24  stm32f10x_tim.o(.text)
    TIM_CtrlPWMOutputs                       0x0800963d   Thumb Code    30  stm32f10x_tim.o(.text)
    TIM_ITConfig                             0x0800965b   Thumb Code    18  stm32f10x_tim.o(.text)
    TIM_GenerateEvent                        0x0800966d   Thumb Code     4  stm32f10x_tim.o(.text)
    TIM_DMAConfig                            0x08009671   Thumb Code    10  stm32f10x_tim.o(.text)
    TIM_DMACmd                               0x0800967b   Thumb Code    18  stm32f10x_tim.o(.text)
    TIM_InternalClockConfig                  0x0800968d   Thumb Code    12  stm32f10x_tim.o(.text)
    TIM_SelectInputTrigger                   0x08009699   Thumb Code    18  stm32f10x_tim.o(.text)
    TIM_ITRxExternalClockConfig              0x080096ab   Thumb Code    24  stm32f10x_tim.o(.text)
    TIM_TIxExternalClockConfig               0x080096c3   Thumb Code    62  stm32f10x_tim.o(.text)
    TIM_ETRConfig                            0x08009701   Thumb Code    28  stm32f10x_tim.o(.text)
    TIM_ETRClockMode1Config                  0x0800971d   Thumb Code    54  stm32f10x_tim.o(.text)
    TIM_ETRClockMode2Config                  0x08009753   Thumb Code    32  stm32f10x_tim.o(.text)
    TIM_PrescalerConfig                      0x08009773   Thumb Code     6  stm32f10x_tim.o(.text)
    TIM_CounterModeConfig                    0x08009779   Thumb Code    18  stm32f10x_tim.o(.text)
    TIM_EncoderInterfaceConfig               0x0800978b   Thumb Code    66  stm32f10x_tim.o(.text)
    TIM_ForcedOC1Config                      0x080097cd   Thumb Code    18  stm32f10x_tim.o(.text)
    TIM_ForcedOC2Config                      0x080097df   Thumb Code    26  stm32f10x_tim.o(.text)
    TIM_ForcedOC3Config                      0x080097f9   Thumb Code    18  stm32f10x_tim.o(.text)
    TIM_ForcedOC4Config                      0x0800980b   Thumb Code    26  stm32f10x_tim.o(.text)
    TIM_ARRPreloadConfig                     0x08009825   Thumb Code    24  stm32f10x_tim.o(.text)
    TIM_SelectCOM                            0x0800983d   Thumb Code    24  stm32f10x_tim.o(.text)
    TIM_SelectCCDMA                          0x08009855   Thumb Code    24  stm32f10x_tim.o(.text)
    TIM_CCPreloadControl                     0x0800986d   Thumb Code    24  stm32f10x_tim.o(.text)
    TIM_OC1PreloadConfig                     0x08009885   Thumb Code    18  stm32f10x_tim.o(.text)
    TIM_OC2PreloadConfig                     0x08009897   Thumb Code    26  stm32f10x_tim.o(.text)
    TIM_OC3PreloadConfig                     0x080098b1   Thumb Code    18  stm32f10x_tim.o(.text)
    TIM_OC4PreloadConfig                     0x080098c3   Thumb Code    26  stm32f10x_tim.o(.text)
    TIM_OC1FastConfig                        0x080098dd   Thumb Code    18  stm32f10x_tim.o(.text)
    TIM_OC2FastConfig                        0x080098ef   Thumb Code    26  stm32f10x_tim.o(.text)
    TIM_OC3FastConfig                        0x08009909   Thumb Code    18  stm32f10x_tim.o(.text)
    TIM_OC4FastConfig                        0x0800991b   Thumb Code    26  stm32f10x_tim.o(.text)
    TIM_ClearOC1Ref                          0x08009935   Thumb Code    18  stm32f10x_tim.o(.text)
    TIM_ClearOC2Ref                          0x08009947   Thumb Code    24  stm32f10x_tim.o(.text)
    TIM_ClearOC3Ref                          0x0800995f   Thumb Code    18  stm32f10x_tim.o(.text)
    TIM_ClearOC4Ref                          0x08009971   Thumb Code    24  stm32f10x_tim.o(.text)
    TIM_OC1PolarityConfig                    0x08009989   Thumb Code    18  stm32f10x_tim.o(.text)
    TIM_OC1NPolarityConfig                   0x0800999b   Thumb Code    18  stm32f10x_tim.o(.text)
    TIM_OC2PolarityConfig                    0x080099ad   Thumb Code    26  stm32f10x_tim.o(.text)
    TIM_OC2NPolarityConfig                   0x080099c7   Thumb Code    26  stm32f10x_tim.o(.text)
    TIM_OC3PolarityConfig                    0x080099e1   Thumb Code    26  stm32f10x_tim.o(.text)
    TIM_OC3NPolarityConfig                   0x080099fb   Thumb Code    26  stm32f10x_tim.o(.text)
    TIM_OC4PolarityConfig                    0x08009a15   Thumb Code    26  stm32f10x_tim.o(.text)
    TIM_CCxCmd                               0x08009a2f   Thumb Code    30  stm32f10x_tim.o(.text)
    TIM_CCxNCmd                              0x08009a4d   Thumb Code    30  stm32f10x_tim.o(.text)
    TIM_SelectOCxM                           0x08009a6b   Thumb Code    82  stm32f10x_tim.o(.text)
    TIM_UpdateDisableConfig                  0x08009abd   Thumb Code    24  stm32f10x_tim.o(.text)
    TIM_UpdateRequestConfig                  0x08009ad5   Thumb Code    24  stm32f10x_tim.o(.text)
    TIM_SelectHallSensor                     0x08009aed   Thumb Code    24  stm32f10x_tim.o(.text)
    TIM_SelectOnePulseMode                   0x08009b05   Thumb Code    18  stm32f10x_tim.o(.text)
    TIM_SelectOutputTrigger                  0x08009b17   Thumb Code    18  stm32f10x_tim.o(.text)
    TIM_SelectSlaveMode                      0x08009b29   Thumb Code    18  stm32f10x_tim.o(.text)
    TIM_SelectMasterSlaveMode                0x08009b3b   Thumb Code    18  stm32f10x_tim.o(.text)
    TIM_SetCounter                           0x08009b4d   Thumb Code     4  stm32f10x_tim.o(.text)
    TIM_SetAutoreload                        0x08009b51   Thumb Code     4  stm32f10x_tim.o(.text)
    TIM_SetCompare1                          0x08009b55   Thumb Code     4  stm32f10x_tim.o(.text)
    TIM_SetCompare2                          0x08009b59   Thumb Code     4  stm32f10x_tim.o(.text)
    TIM_SetCompare3                          0x08009b5d   Thumb Code     4  stm32f10x_tim.o(.text)
    TIM_SetCompare4                          0x08009b61   Thumb Code     6  stm32f10x_tim.o(.text)
    TIM_SetClockDivision                     0x08009b67   Thumb Code    18  stm32f10x_tim.o(.text)
    TIM_GetCapture1                          0x08009b79   Thumb Code     6  stm32f10x_tim.o(.text)
    TIM_GetCapture2                          0x08009b7f   Thumb Code     6  stm32f10x_tim.o(.text)
    TIM_GetCapture3                          0x08009b85   Thumb Code     6  stm32f10x_tim.o(.text)
    TIM_GetCapture4                          0x08009b8b   Thumb Code     8  stm32f10x_tim.o(.text)
    TIM_GetCounter                           0x08009b93   Thumb Code     6  stm32f10x_tim.o(.text)
    TIM_GetPrescaler                         0x08009b99   Thumb Code     6  stm32f10x_tim.o(.text)
    TIM_GetFlagStatus                        0x08009b9f   Thumb Code    18  stm32f10x_tim.o(.text)
    TIM_ClearFlag                            0x08009bb1   Thumb Code     6  stm32f10x_tim.o(.text)
    TIM_GetITStatus                          0x08009bb7   Thumb Code    34  stm32f10x_tim.o(.text)
    TIM_ClearITPendingBit                    0x08009bd9   Thumb Code     6  stm32f10x_tim.o(.text)
    __aeabi_ldivmod                          0x08009bdf   Thumb Code    98  ldiv.o(.text)
    __aeabi_memset                           0x08009c41   Thumb Code    14  memseta.o(.text)
    __aeabi_memset4                          0x08009c41   Thumb Code     0  memseta.o(.text)
    __aeabi_memset8                          0x08009c41   Thumb Code     0  memseta.o(.text)
    __aeabi_memclr                           0x08009c4f   Thumb Code     4  memseta.o(.text)
    __aeabi_memclr4                          0x08009c4f   Thumb Code     0  memseta.o(.text)
    __aeabi_memclr8                          0x08009c4f   Thumb Code     0  memseta.o(.text)
    _memset$wrapper                          0x08009c53   Thumb Code    18  memseta.o(.text)
    memcmp                                   0x08009c65   Thumb Code    26  memcmp.o(.text)
    __aeabi_fadd                             0x08009c7f   Thumb Code   164  fadd.o(.text)
    __aeabi_fsub                             0x08009d23   Thumb Code     6  fadd.o(.text)
    __aeabi_frsub                            0x08009d29   Thumb Code     6  fadd.o(.text)
    __aeabi_fmul                             0x08009d2f   Thumb Code   100  fmul.o(.text)
    __aeabi_fdiv                             0x08009d93   Thumb Code   124  fdiv.o(.text)
    __aeabi_dadd                             0x08009e0f   Thumb Code   322  dadd.o(.text)
    __aeabi_dsub                             0x08009f51   Thumb Code     6  dadd.o(.text)
    __aeabi_drsub                            0x08009f57   Thumb Code     6  dadd.o(.text)
    __aeabi_dmul                             0x08009f5d   Thumb Code   228  dmul.o(.text)
    __aeabi_ddiv                             0x0800a041   Thumb Code   222  ddiv.o(.text)
    __aeabi_i2f                              0x0800a11f   Thumb Code    18  fflti.o(.text)
    __aeabi_ui2f                             0x0800a131   Thumb Code    10  ffltui.o(.text)
    __aeabi_i2d                              0x0800a13b   Thumb Code    34  dflti.o(.text)
    __aeabi_f2iz                             0x0800a15d   Thumb Code    50  ffixi.o(.text)
    __aeabi_f2uiz                            0x0800a18f   Thumb Code    40  ffixui.o(.text)
    __aeabi_d2iz                             0x0800a1b7   Thumb Code    62  dfixi.o(.text)
    __aeabi_f2d                              0x0800a1f5   Thumb Code    38  f2d.o(.text)
    __aeabi_d2f                              0x0800a21b   Thumb Code    56  d2f.o(.text)
    __aeabi_cfcmpeq                          0x0800a255   Thumb Code     0  cfcmple.o(.text)
    __aeabi_cfcmple                          0x0800a255   Thumb Code    20  cfcmple.o(.text)
    __aeabi_cfrcmple                         0x0800a269   Thumb Code    20  cfrcmple.o(.text)
    __aeabi_uldivmod                         0x0800a27d   Thumb Code    98  uldiv.o(.text)
    __aeabi_llsl                             0x0800a2df   Thumb Code    30  llshl.o(.text)
    _ll_shift_l                              0x0800a2df   Thumb Code     0  llshl.o(.text)
    __aeabi_llsr                             0x0800a2fd   Thumb Code    32  llushr.o(.text)
    _ll_ushift_r                             0x0800a2fd   Thumb Code     0  llushr.o(.text)
    __aeabi_lasr                             0x0800a31d   Thumb Code    36  llsshr.o(.text)
    _ll_sshift_r                             0x0800a31d   Thumb Code     0  llsshr.o(.text)
    __I$use$fp                               0x0800a341   Thumb Code     0  iusefp.o(.text)
    _float_round                             0x0800a341   Thumb Code    18  fepilogue.o(.text)
    _float_epilogue                          0x0800a353   Thumb Code    92  fepilogue.o(.text)
    _double_round                            0x0800a3af   Thumb Code    30  depilogue.o(.text)
    _double_epilogue                         0x0800a3cd   Thumb Code   156  depilogue.o(.text)
    __ARM_scalbn                             0x0800a469   Thumb Code    46  dscalb.o(.text)
    scalbn                                   0x0800a469   Thumb Code     0  dscalb.o(.text)
    __scatterload                            0x0800a499   Thumb Code    28  init.o(.text)
    __scatterload_rt2                        0x0800a499   Thumb Code     0  init.o(.text)
    _dsqrt                                   0x0800a4bd   Thumb Code   162  dsqrt.o(.text)
    __decompress                             0x0800a55f   Thumb Code     0  __dczerorl2.o(.text)
    __decompress1                            0x0800a55f   Thumb Code    86  __dczerorl2.o(.text)
    __ARM_fpclassify                         0x0800a5b5   Thumb Code    40  fpclassify.o(i.__ARM_fpclassify)
    __kernel_poly                            0x0800a5dd   Thumb Code   170  poly.o(i.__kernel_poly)
    __mathlib_dbl_infnan                     0x0800a687   Thumb Code     6  dunder.o(i.__mathlib_dbl_infnan)
    __mathlib_dbl_infnan2                    0x0800a68d   Thumb Code     4  dunder.o(i.__mathlib_dbl_infnan2)
    __mathlib_dbl_invalid                    0x0800a691   Thumb Code    12  dunder.o(i.__mathlib_dbl_invalid)
    __mathlib_dbl_underflow                  0x0800a69d   Thumb Code    10  dunder.o(i.__mathlib_dbl_underflow)
    __scatterload_copy                       0x0800a6ad   Thumb Code    14  handlers.o(i.__scatterload_copy)
    __scatterload_null                       0x0800a6bb   Thumb Code     2  handlers.o(i.__scatterload_null)
    __scatterload_zeroinit                   0x0800a6bd   Thumb Code    14  handlers.o(i.__scatterload_zeroinit)
    __set_errno                              0x0800a6cd   Thumb Code     6  errno.o(i.__set_errno)
    asin                                     0x0800a6d9   Thumb Code   572  asin.o(i.asin)
    atan                                     0x0800a949   Thumb Code   474  atan.o(i.atan)
    atan2                                    0x0800ab69   Thumb Code   346  atan2.o(i.atan2)
    sqrt                                     0x0800ace9   Thumb Code    76  sqrt.o(i.sqrt)
    F6x8                                     0x0800ad34   Data         552  oled.o(.constdata)
    F8X16                                    0x0800af5c   Data        1520  oled.o(.constdata)
    reg                                      0x0800b54c   Data          27  inv_mpu.o(.constdata)
    hw                                       0x0800b568   Data          12  inv_mpu.o(.constdata)
    test                                     0x0800b574   Data          40  inv_mpu.o(.constdata)
    __mathlib_zero                           0x0800c280   Data           8  qnan.o(.constdata)
    Region$$Table$$Base                      0x0800c324   Number         0  anon$$obj.o(Region$$Table)
    Region$$Table$$Limit                     0x0800c344   Number         0  anon$$obj.o(Region$$Table)
    pitch                                    0x20000000   Data           4  main.o(.data)
    roll                                     0x20000004   Data           4  main.o(.data)
    yaw                                      0x20000008   Data           4  main.o(.data)
    speed                                    0x2000000c   Data           4  main.o(.data)
    left_speed                               0x20000010   Data           4  main.o(.data)
    right_speed                              0x20000014   Data           4  main.o(.data)
    gyrox                                    0x20000018   Data           2  main.o(.data)
    gyroy                                    0x2000001a   Data           2  main.o(.data)
    gyroz                                    0x2000001c   Data           2  main.o(.data)
    aacx                                     0x2000001e   Data           2  main.o(.data)
    aacy                                     0x20000020   Data           2  main.o(.data)
    aacz                                     0x20000022   Data           2  main.o(.data)
    k210_num_ok                              0x20000024   Data           1  main.o(.data)
    count_send                               0x20000028   Data           4  main.o(.data)
    num_count                                0x2000002c   Data           2  main.o(.data)
    start_flag1                              0x2000002e   Data           1  main.o(.data)
    num_count1                               0x20000030   Data           2  main.o(.data)
    X_exp                                    0x20000032   Data           1  main.o(.data)
    jinduan                                  0x20000033   Data           1  main.o(.data)
    yuanduan                                 0x20000034   Data           1  main.o(.data)
    MenuPoint                                0x20000038   Data           4  main.o(.data)
    selectItem                               0x2000003c   Data           2  main.o(.data)
    SystemCoreClock                          0x20000040   Data           4  system_stm32f10x.o(.data)
    AHBPrescTable                            0x20000044   Data          16  system_stm32f10x.o(.data)
    F16x16                                   0x20000055   Data        1024  oled.o(.data)
    BMP1                                     0x20000455   Data        1024  oled.o(.data)
    CCR1_Val                                 0x20000856   Data           2  pwm.o(.data)
    CCR2_Val                                 0x20000858   Data           2  pwm.o(.data)
    CCR3_Val                                 0x2000085a   Data           2  pwm.o(.data)
    CCR4_Val                                 0x2000085c   Data           2  pwm.o(.data)
    overcount                                0x2000085e   Data           2  hcsr04.o(.data)
    basic_pwm                                0x20000860   Data           4  exti.o(.data)
    trun_pwm                                 0x20000864   Data           4  exti.o(.data)
    trun_pwm2                                0x20000868   Data           4  exti.o(.data)
    trun_pwm3                                0x2000086c   Data           4  exti.o(.data)
    turn_time1                               0x20000870   Data           4  exti.o(.data)
    speed_pid                                0x20000874   Data           4  exti.o(.data)
    turn_pid                                 0x20000878   Data           4  exti.o(.data)
    exp_speed                                0x2000087c   Data           4  exti.o(.data)
    exp_yaw                                  0x20000880   Data           4  exti.o(.data)
    flag_yaw                                 0x20000884   Data           4  exti.o(.data)
    left_turn_flag                           0x20000888   Data           1  exti.o(.data)
    xunji_flag                               0x20000889   Data           1  exti.o(.data)
    left_turn_flag1                          0x2000088a   Data           1  exti.o(.data)
    right_turn_flag1                         0x2000088b   Data           1  exti.o(.data)
    still_flag                               0x2000088c   Data           1  exti.o(.data)
    stop_flag                                0x2000088d   Data           1  exti.o(.data)
    sekuai_flag                              0x2000088e   Data           1  exti.o(.data)
    time_openmv                              0x20000890   Data           4  exti.o(.data)
    zhongduan_count                          0x20000894   Data           1  exti.o(.data)
    zhongduan_num                            0x20000895   Data           1  exti.o(.data)
    zhongduan_left                           0x20000896   Data           1  exti.o(.data)
    zhongduan_right                          0x20000897   Data           1  exti.o(.data)
    zhongduan_left2                          0x20000898   Data           1  exti.o(.data)
    zhongduan_right2                         0x20000899   Data           1  exti.o(.data)
    zhongduan_find                           0x2000089a   Data           1  exti.o(.data)
    room3_flag                               0x2000089b   Data           1  exti.o(.data)
    exp_num                                  0x2000089c   Data           1  exti.o(.data)
    zhongdaun_turn                           0x2000089d   Data           1  exti.o(.data)
    shibie_o                                 0x2000089e   Data           1  exti.o(.data)
    jishi_flag                               0x2000089f   Data           1  exti.o(.data)
    lukou3_turnflag                          0x200008a0   Data           1  exti.o(.data)
    lukou4_turnflag                          0x200008a1   Data           1  exti.o(.data)
    lukou3_left                              0x200008a2   Data           1  exti.o(.data)
    lukou3_right                             0x200008a3   Data           1  exti.o(.data)
    lukou4_left                              0x200008a4   Data           1  exti.o(.data)
    lukou4_right                             0x200008a5   Data           1  exti.o(.data)
    lukou3_end                               0x200008a6   Data           1  exti.o(.data)
    lukou4_end                               0x200008a7   Data           1  exti.o(.data)
    left_encoder                             0x200008a8   Data           4  exti.o(.data)
    right_encoder                            0x200008ac   Data           4  exti.o(.data)
    zd_encoder                               0x200008b0   Data           4  exti.o(.data)
    zd_encoder2                              0x200008b4   Data           4  exti.o(.data)
    zd_encoder3                              0x200008b8   Data           4  exti.o(.data)
    zdlukou2_fanhui                          0x200008bc   Data           1  exti.o(.data)
    lukou2_start                             0x200008bd   Data           1  exti.o(.data)
    lukou2_startencoder                      0x200008c0   Data           4  exti.o(.data)
    fasong_num2                              0x200008c4   Data           4  exti.o(.data)
    zdfanhuix                                0x200008c8   Data           1  exti.o(.data)
    lukou_count                              0x200008c9   Data           1  exti.o(.data)
    lukou3_encoderflag                       0x200008ca   Data           1  exti.o(.data)
    lukou3_encoder                           0x200008cc   Data           4  exti.o(.data)
    lukou4_encoderflag                       0x200008d0   Data           1  exti.o(.data)
    lukou4zisuo                              0x200008d1   Data           1  exti.o(.data)
    lukou4_encoder                           0x200008d4   Data           4  exti.o(.data)
    lukou5_encoderflag                       0x200008d8   Data           1  exti.o(.data)
    lukou5zisuo                              0x200008d9   Data           1  exti.o(.data)
    lukou5_encoder                           0x200008dc   Data           4  exti.o(.data)
    lukou_1flag                              0x200008e0   Data           1  exti.o(.data)
    lukou_2flag                              0x200008e1   Data           1  exti.o(.data)
    xxfanhui                                 0x200008e2   Data           1  exti.o(.data)
    xxfanhui_trun                            0x200008e3   Data           1  exti.o(.data)
    xxfanhui_encoder                         0x200008e4   Data           4  exti.o(.data)
    xxfanhui1                                0x200008e8   Data           1  exti.o(.data)
    xxfanhui2                                0x200008e9   Data           1  exti.o(.data)
    xxencoder2                               0x200008ec   Data           4  exti.o(.data)
    xxzisuo                                  0x200008f0   Data           1  exti.o(.data)
    xx_zong                                  0x200008f1   Data           1  exti.o(.data)
    xx_zongencoder                           0x200008f4   Data           4  exti.o(.data)
    jinduan1_flag                            0x200008f8   Data           1  exti.o(.data)
    jinduan1zisuo                            0x200008f9   Data           1  exti.o(.data)
    jinduan1_encoder                         0x200008fc   Data           4  exti.o(.data)
    jinduan1_flag2                           0x20000900   Data           1  exti.o(.data)
    jinduan1zisuo2                           0x20000901   Data           1  exti.o(.data)
    jinduan1_encoder2                        0x20000904   Data           4  exti.o(.data)
    jinduan1_flag3                           0x20000908   Data           1  exti.o(.data)
    jinduan1zisuo3                           0x20000909   Data           1  exti.o(.data)
    jinduan1_encoder3                        0x2000090c   Data           4  exti.o(.data)
    jinduan1_flag4                           0x20000910   Data           1  exti.o(.data)
    jinduan1zisuo4                           0x20000911   Data           1  exti.o(.data)
    jinduan1_encoder4                        0x20000914   Data           4  exti.o(.data)
    jd1jifen1                                0x20000918   Data           4  exti.o(.data)
    jd1jifen1fanhui                          0x2000091c   Data           4  exti.o(.data)
    jd1jifen2                                0x20000920   Data           4  exti.o(.data)
    jd1jifen2fanhui                          0x20000924   Data           4  exti.o(.data)
    jinduan2_flag                            0x20000928   Data           1  exti.o(.data)
    jinduan2zisuo                            0x20000929   Data           1  exti.o(.data)
    jinduan2_encoder                         0x2000092c   Data           4  exti.o(.data)
    jinduan2_flag2                           0x20000930   Data           1  exti.o(.data)
    jinduan2zisuo2                           0x20000931   Data           1  exti.o(.data)
    jinduan2_encoder2                        0x20000934   Data           4  exti.o(.data)
    jinduan2_flag3                           0x20000938   Data           1  exti.o(.data)
    jinduan2zisuo3                           0x20000939   Data           1  exti.o(.data)
    jinduan2_encoder3                        0x2000093c   Data           4  exti.o(.data)
    jinduan2_flag4                           0x20000940   Data           1  exti.o(.data)
    jinduan2zisuo4                           0x20000941   Data           1  exti.o(.data)
    jinduan2_encoder4                        0x20000944   Data           4  exti.o(.data)
    jd2jifen1                                0x20000948   Data           4  exti.o(.data)
    jd2jifen1fanhui                          0x2000094c   Data           4  exti.o(.data)
    jd2jifen2                                0x20000950   Data           4  exti.o(.data)
    jd2jifen2fanhui                          0x20000954   Data           4  exti.o(.data)
    ydjifen1                                 0x20000958   Data           4  exti.o(.data)
    ydjifen1fanhui                           0x2000095c   Data           4  exti.o(.data)
    ydjifen2                                 0x20000960   Data           4  exti.o(.data)
    ydjifen2fanhui                           0x20000964   Data           4  exti.o(.data)
    ydjifen3                                 0x20000968   Data           4  exti.o(.data)
    ydjifen3fanhui                           0x2000096c   Data           4  exti.o(.data)
    zdjifen1                                 0x20000970   Data           4  exti.o(.data)
    zdjifen1fanhui                           0x20000974   Data           4  exti.o(.data)
    zdjifen2                                 0x20000978   Data           4  exti.o(.data)
    zdjifen2fanhui                           0x2000097c   Data           4  exti.o(.data)
    MainMenu                                 0x200009b8   Data          48  menu.o(.data)
    Setmenu1                                 0x200009e8   Data          96  menu.o(.data)
    Setmenu2                                 0x20000a48   Data          96  menu.o(.data)
    room1_flag                               0x20000aac   Data           1  usart.o(.data)
    room2_flag                               0x20000aad   Data           1  usart.o(.data)
    MV_xunji                                 0x20000aae   Data           5  usart.o(.data)
    MV_num                                   0x20000ab3   Data           1  usart.o(.data)
    K210_num                                 0x20000ab4   Data           3  usart.o(.data)
    shibie_flag1                             0x20000ab7   Data           1  usart.o(.data)
    shibie_flag2                             0x20000ab8   Data           1  usart.o(.data)
    shibie_flag3                             0x20000ab9   Data           1  usart.o(.data)
    shibie_flag4                             0x20000aba   Data           1  usart.o(.data)
    shibie_flag5                             0x20000abb   Data           1  usart.o(.data)
    shibie_flag6                             0x20000abc   Data           1  usart.o(.data)
    shibie_flag7                             0x20000abd   Data           1  usart.o(.data)
    shibie_flag8                             0x20000abe   Data           1  usart.o(.data)
    shibie_flag11                            0x20000abf   Data           1  usart.o(.data)
    shibie_flag22                            0x20000ac0   Data           1  usart.o(.data)
    shibie_flag33                            0x20000ac1   Data           1  usart.o(.data)
    shibie_flag44                            0x20000ac2   Data           1  usart.o(.data)
    shibie_flag55                            0x20000ac3   Data           1  usart.o(.data)
    shibie_flag66                            0x20000ac4   Data           1  usart.o(.data)
    shibie_flag77                            0x20000ac5   Data           1  usart.o(.data)
    shibie_flag88                            0x20000ac6   Data           1  usart.o(.data)
    shibie_flagnn                            0x20000ac7   Data           1  usart.o(.data)
    shibie_ok                                0x20000ac8   Data           1  usart.o(.data)
    qidong_1                                 0x20000ac9   Data           1  usart.o(.data)
    shuagche_turnflag                        0x20000aca   Data           1  usart.o(.data)
    fasong_num                               0x20000acb   Data           1  usart.o(.data)
    data1                                    0x20000acc   Data          10  usart.o(.data)
    yd_trunflag                              0x20000ad6   Data           1  usart.o(.data)
    yuanduan_count                           0x20000ad8   Data           4  usart.o(.data)
    yuanduan_num                             0x20000adc   Data           4  usart.o(.data)
    room4_flag                               0x20000ae0   Data           1  usart.o(.data)
    fahui3                                   0x20000ae1   Data           1  usart.o(.data)
    __initial_sp                             0x20001338   Data           0  startup_stm32f10x_hd.o(STACK)



==============================================================================

Memory Map of the image

  Image Entry point : 0x08000131

  Load Region LR_IROM1 (Base: 0x08000000, Size: 0x0000ce5c, Max: 0x00040000, ABSOLUTE, COMPRESSED[0x0000c790])

    Execution Region ER_IROM1 (Exec base: 0x08000000, Load base: 0x08000000, Size: 0x0000c344, Max: 0x00040000, ABSOLUTE)

    Exec Addr    Load Addr    Size         Type   Attr      Idx    E Section Name        Object

    0x08000000   0x08000000   0x00000130   Data   RO          567    RESET               startup_stm32f10x_hd.o
    0x08000130   0x08000130   0x00000000   Code   RO          868  * .ARM.Collect$$$$00000000  mc_w.l(entry.o)
    0x08000130   0x08000130   0x00000004   Code   RO          946    .ARM.Collect$$$$00000001  mc_w.l(entry2.o)
    0x08000134   0x08000134   0x00000004   Code   RO          949    .ARM.Collect$$$$00000004  mc_w.l(entry5.o)
    0x08000138   0x08000138   0x00000000   Code   RO          951    .ARM.Collect$$$$00000008  mc_w.l(entry7b.o)
    0x08000138   0x08000138   0x00000000   Code   RO          953    .ARM.Collect$$$$0000000A  mc_w.l(entry8b.o)
    0x08000138   0x08000138   0x00000008   Code   RO          954    .ARM.Collect$$$$0000000B  mc_w.l(entry9a.o)
    0x08000140   0x08000140   0x00000000   Code   RO          956    .ARM.Collect$$$$0000000D  mc_w.l(entry10a.o)
    0x08000140   0x08000140   0x00000000   Code   RO          958    .ARM.Collect$$$$0000000F  mc_w.l(entry11a.o)
    0x08000140   0x08000140   0x00000004   Code   RO          947    .ARM.Collect$$$$00002712  mc_w.l(entry2.o)
    0x08000144   0x08000144   0x000002c8   Code   RO            1    .text               main.o
    0x0800040c   0x0800040c   0x0000001a   Code   RO          172    .text               stm32f10x_it.o
    0x08000426   0x08000426   0x00000002   PAD
    0x08000428   0x08000428   0x000001e0   Code   RO          213    .text               system_stm32f10x.o
    0x08000608   0x08000608   0x00000084   Code   RO          231    .text               led.o
    0x0800068c   0x0800068c   0x000000d4   Code   RO          243    .text               key.o
    0x08000760   0x08000760   0x00001738   Code   RO          256    .text               oled.o
    0x08001e98   0x08001e98   0x000002a0   Code   RO          275    .text               oled_i2c.o
    0x08002138   0x08002138   0x00000120   Code   RO          287    .text               motor.o
    0x08002258   0x08002258   0x000000e0   Code   RO          299    .text               pwm.o
    0x08002338   0x08002338   0x00000058   Code   RO          314    .text               beep.o
    0x08002390   0x08002390   0x000001c4   Code   RO          326    .text               hcsr04.o
    0x08002554   0x08002554   0x00000244   Code   RO          342    .text               mpuiic.o
    0x08002798   0x08002798   0x00001784   Code   RO          354    .text               exti.o
    0x08003f1c   0x08003f1c   0x0000019c   Code   RO          370    .text               encoder.o
    0x080040b8   0x080040b8   0x000000cc   Code   RO          382    .text               duoji.o
    0x08004184   0x08004184   0x0000008c   Code   RO          394    .text               bsp_timbase.o
    0x08004210   0x08004210   0x00000418   Code   RO          409    .text               mpu6050.o
    0x08004628   0x08004628   0x00002200   Code   RO          422    .text               inv_mpu.o
    0x08006828   0x08006828   0x00000d70   Code   RO          451    .text               inv_mpu_dmp_motion_driver.o
    0x08007598   0x08007598   0x000000d4   Code   RO          507    .text               delay.o
    0x0800766c   0x0800766c   0x00000a34   Code   RO          538    .text               usart.o
    0x080080a0   0x080080a0   0x00000024   Code   RO          568    .text               startup_stm32f10x_hd.o
    0x080080c4   0x080080c4   0x0000035c   Code   RO          572    .text               stm32f10x_gpio.o
    0x08008420   0x08008420   0x000003a4   Code   RO          584    .text               stm32f10x_rcc.o
    0x080087c4   0x080087c4   0x00000408   Code   RO          598    .text               stm32f10x_usart.o
    0x08008bcc   0x08008bcc   0x000000dc   Code   RO          610    .text               misc.o
    0x08008ca8   0x08008ca8   0x0000011c   Code   RO          742    .text               stm32f10x_exti.o
    0x08008dc4   0x08008dc4   0x00000e1a   Code   RO          826    .text               stm32f10x_tim.o
    0x08009bde   0x08009bde   0x00000062   Code   RO          871    .text               mc_w.l(ldiv.o)
    0x08009c40   0x08009c40   0x00000024   Code   RO          873    .text               mc_w.l(memseta.o)
    0x08009c64   0x08009c64   0x0000001a   Code   RO          875    .text               mc_w.l(memcmp.o)
    0x08009c7e   0x08009c7e   0x000000b0   Code   RO          877    .text               mf_w.l(fadd.o)
    0x08009d2e   0x08009d2e   0x00000064   Code   RO          879    .text               mf_w.l(fmul.o)
    0x08009d92   0x08009d92   0x0000007c   Code   RO          881    .text               mf_w.l(fdiv.o)
    0x08009e0e   0x08009e0e   0x0000014e   Code   RO          883    .text               mf_w.l(dadd.o)
    0x08009f5c   0x08009f5c   0x000000e4   Code   RO          885    .text               mf_w.l(dmul.o)
    0x0800a040   0x0800a040   0x000000de   Code   RO          887    .text               mf_w.l(ddiv.o)
    0x0800a11e   0x0800a11e   0x00000012   Code   RO          889    .text               mf_w.l(fflti.o)
    0x0800a130   0x0800a130   0x0000000a   Code   RO          891    .text               mf_w.l(ffltui.o)
    0x0800a13a   0x0800a13a   0x00000022   Code   RO          893    .text               mf_w.l(dflti.o)
    0x0800a15c   0x0800a15c   0x00000032   Code   RO          895    .text               mf_w.l(ffixi.o)
    0x0800a18e   0x0800a18e   0x00000028   Code   RO          897    .text               mf_w.l(ffixui.o)
    0x0800a1b6   0x0800a1b6   0x0000003e   Code   RO          899    .text               mf_w.l(dfixi.o)
    0x0800a1f4   0x0800a1f4   0x00000026   Code   RO          901    .text               mf_w.l(f2d.o)
    0x0800a21a   0x0800a21a   0x00000038   Code   RO          903    .text               mf_w.l(d2f.o)
    0x0800a252   0x0800a252   0x00000002   PAD
    0x0800a254   0x0800a254   0x00000014   Code   RO          905    .text               mf_w.l(cfcmple.o)
    0x0800a268   0x0800a268   0x00000014   Code   RO          907    .text               mf_w.l(cfrcmple.o)
    0x0800a27c   0x0800a27c   0x00000062   Code   RO          960    .text               mc_w.l(uldiv.o)
    0x0800a2de   0x0800a2de   0x0000001e   Code   RO          962    .text               mc_w.l(llshl.o)
    0x0800a2fc   0x0800a2fc   0x00000020   Code   RO          964    .text               mc_w.l(llushr.o)
    0x0800a31c   0x0800a31c   0x00000024   Code   RO          966    .text               mc_w.l(llsshr.o)
    0x0800a340   0x0800a340   0x00000000   Code   RO          975    .text               mc_w.l(iusefp.o)
    0x0800a340   0x0800a340   0x0000006e   Code   RO          976    .text               mf_w.l(fepilogue.o)
    0x0800a3ae   0x0800a3ae   0x000000ba   Code   RO          978    .text               mf_w.l(depilogue.o)
    0x0800a468   0x0800a468   0x0000002e   Code   RO          980    .text               mf_w.l(dscalb.o)
    0x0800a496   0x0800a496   0x00000002   PAD
    0x0800a498   0x0800a498   0x00000024   Code   RO          982    .text               mc_w.l(init.o)
    0x0800a4bc   0x0800a4bc   0x000000a2   Code   RO          984    .text               mf_w.l(dsqrt.o)
    0x0800a55e   0x0800a55e   0x00000056   Code   RO          996    .text               mc_w.l(__dczerorl2.o)
    0x0800a5b4   0x0800a5b4   0x00000028   Code   RO          933    i.__ARM_fpclassify  m_ws.l(fpclassify.o)
    0x0800a5dc   0x0800a5dc   0x000000aa   Code   RO          935    i.__kernel_poly     m_ws.l(poly.o)
    0x0800a686   0x0800a686   0x00000006   Code   RO          920    i.__mathlib_dbl_infnan  m_ws.l(dunder.o)
    0x0800a68c   0x0800a68c   0x00000004   Code   RO          921    i.__mathlib_dbl_infnan2  m_ws.l(dunder.o)
    0x0800a690   0x0800a690   0x0000000c   Code   RO          922    i.__mathlib_dbl_invalid  m_ws.l(dunder.o)
    0x0800a69c   0x0800a69c   0x00000010   Code   RO          925    i.__mathlib_dbl_underflow  m_ws.l(dunder.o)
    0x0800a6ac   0x0800a6ac   0x0000000e   Code   RO          990    i.__scatterload_copy  mc_w.l(handlers.o)
    0x0800a6ba   0x0800a6ba   0x00000002   Code   RO          991    i.__scatterload_null  mc_w.l(handlers.o)
    0x0800a6bc   0x0800a6bc   0x0000000e   Code   RO          992    i.__scatterload_zeroinit  mc_w.l(handlers.o)
    0x0800a6ca   0x0800a6ca   0x00000002   PAD
    0x0800a6cc   0x0800a6cc   0x0000000c   Code   RO          970    i.__set_errno       mc_w.l(errno.o)
    0x0800a6d8   0x0800a6d8   0x00000270   Code   RO          851    i.asin              m_ws.l(asin.o)
    0x0800a948   0x0800a948   0x00000220   Code   RO          910    i.atan              m_ws.l(atan.o)
    0x0800ab68   0x0800ab68   0x00000180   Code   RO          861    i.atan2             m_ws.l(atan2.o)
    0x0800ace8   0x0800ace8   0x0000004c   Code   RO          939    i.sqrt              m_ws.l(sqrt.o)
    0x0800ad34   0x0800ad34   0x00000818   Data   RO          257    .constdata          oled.o
    0x0800b54c   0x0800b54c   0x00000050   Data   RO          423    .constdata          inv_mpu.o
    0x0800b59c   0x0800b59c   0x00000bf6   Data   RO          453    .constdata          inv_mpu_dmp_motion_driver.o
    0x0800c192   0x0800c192   0x00000006   PAD
    0x0800c198   0x0800c198   0x00000050   Data   RO          852    .constdata          m_ws.l(asin.o)
    0x0800c1e8   0x0800c1e8   0x00000098   Data   RO          911    .constdata          m_ws.l(atan.o)
    0x0800c280   0x0800c280   0x00000008   Data   RO          937    .constdata          m_ws.l(qnan.o)
    0x0800c288   0x0800c288   0x0000009a   Data   RO          492    .conststring        menu.o
    0x0800c322   0x0800c322   0x00000002   PAD
    0x0800c324   0x0800c324   0x00000020   Data   RO          988    Region$$Table       anon$$obj.o


    Execution Region RW_IRAM1 (Exec base: 0x20000000, Load base: 0x0800c344, Size: 0x00001338, Max: 0x0000c000, ABSOLUTE, COMPRESSED[0x0000044c])

    Exec Addr    Load Addr    Size         Type   Attr      Idx    E Section Name        Object

    0x20000000   COMPRESSED   0x0000003e   Data   RW            2    .data               main.o
    0x2000003e   COMPRESSED   0x00000002   PAD
    0x20000040   COMPRESSED   0x00000014   Data   RW          214    .data               system_stm32f10x.o
    0x20000054   COMPRESSED   0x00000001   Data   RW          244    .data               key.o
    0x20000055   COMPRESSED   0x00000800   Data   RW          258    .data               oled.o
    0x20000855   COMPRESSED   0x00000001   PAD
    0x20000856   COMPRESSED   0x00000008   Data   RW          300    .data               pwm.o
    0x2000085e   COMPRESSED   0x00000002   Data   RW          327    .data               hcsr04.o
    0x20000860   COMPRESSED   0x00000120   Data   RW          355    .data               exti.o
    0x20000980   COMPRESSED   0x00000035   Data   RW          424    .data               inv_mpu.o
    0x200009b5   COMPRESSED   0x00000003   PAD
    0x200009b8   COMPRESSED   0x000000f0   Data   RW          493    .data               menu.o
    0x20000aa8   COMPRESSED   0x00000004   Data   RW          508    .data               delay.o
    0x20000aac   COMPRESSED   0x00000054   Data   RW          540    .data               usart.o
    0x20000b00   COMPRESSED   0x00000014   Data   RW          585    .data               stm32f10x_rcc.o
    0x20000b14   COMPRESSED   0x00000004   Data   RW          971    .data               mc_w.l(errno.o)
    0x20000b18        -       0x00000010   Zero   RW          452    .bss                inv_mpu_dmp_motion_driver.o
    0x20000b28        -       0x0000000a   Zero   RW          539    .bss                usart.o
    0x20000b32   COMPRESSED   0x00000006   PAD
    0x20000b38        -       0x00000800   Zero   RW          565    STACK               startup_stm32f10x_hd.o


==============================================================================

Image component sizes


      Code (inc. data)   RO Data    RW Data    ZI Data      Debug   Object Name

        88          6          0          0          0        618   beep.o
       140          4          0          0          0        917   bsp_timbase.o
       212         18          0          4          0        999   delay.o
       204          8          0          0          0        656   duoji.o
       412         10          0          0          0       1481   encoder.o
      6020        644          0        288          0       8123   exti.o
       452         28          0          2          0       1728   hcsr04.o
      8704        108         80         53          0      23093   inv_mpu.o
      3440        126       3062          0         16      15035   inv_mpu_dmp_motion_driver.o
       212         18          0          1          0        784   key.o
       132          6          0          0          0        515   led.o
       712        114          0         62          0     258310   main.o
         0          0        154        240          0        605   menu.o
       220         22          0          0          0       1777   misc.o
       288         22          0          0          0       1168   motor.o
      1048         84          0          0          0       3900   mpu6050.o
       580         14          0          0          0       2026   mpuiic.o
      5944        148       2072       2048          0      12106   oled.o
       672         18          0          0          0       2101   oled_i2c.o
       224         16          0          8          0       1217   pwm.o
        36          8        304          0       2048        768   startup_stm32f10x_hd.o
       284         10          0          0          0       2207   stm32f10x_exti.o
       860         38          0          0          0       5621   stm32f10x_gpio.o
        26          0          0          0          0       1170   stm32f10x_it.o
       932         36          0         20          0       8780   stm32f10x_rcc.o
      3610         88          0          0          0      22104   stm32f10x_tim.o
      1032         22          0          0          0       8348   stm32f10x_usart.o
         0          0          0          0          0         32   sys.o
       480         38          0         20          0       1707   system_stm32f10x.o
      2612        218          0         84         10       8197   usart.o

    ----------------------------------------------------------------------
     39578       1872       5712       2836       2080     396093   Object Totals
         0          0         32          0          0          0   (incl. Generated)
         2          0          8          6          6          0   (incl. Padding)

    ----------------------------------------------------------------------

      Code (inc. data)   RO Data    RW Data    ZI Data      Debug   Library Member Name

       624         52         80          0          0        168   asin.o
       544         70        152          0          0        124   atan.o
       384         38          0          0          0        144   atan2.o
        38          6          0          0          0        272   dunder.o
        40          0          0          0          0         68   fpclassify.o
       170          0          0          0          0         96   poly.o
         0          0          8          0          0          0   qnan.o
        76          0          0          0          0         84   sqrt.o
        86          0          0          0          0          0   __dczerorl2.o
         0          0          0          0          0          0   entry.o
         0          0          0          0          0          0   entry10a.o
         0          0          0          0          0          0   entry11a.o
         8          4          0          0          0          0   entry2.o
         4          0          0          0          0          0   entry5.o
         0          0          0          0          0          0   entry7b.o
         0          0          0          0          0          0   entry8b.o
         8          4          0          0          0          0   entry9a.o
        12          6          0          4          0         68   errno.o
        30          0          0          0          0          0   handlers.o
        36          8          0          0          0         68   init.o
         0          0          0          0          0          0   iusefp.o
        98          0          0          0          0         84   ldiv.o
        30          0          0          0          0         68   llshl.o
        36          0          0          0          0         68   llsshr.o
        32          0          0          0          0         68   llushr.o
        26          0          0          0          0         80   memcmp.o
        36          0          0          0          0        108   memseta.o
        98          0          0          0          0         92   uldiv.o
        20          0          0          0          0         68   cfcmple.o
        20          0          0          0          0         68   cfrcmple.o
        56          0          0          0          0         88   d2f.o
       334          0          0          0          0        148   dadd.o
       222          0          0          0          0        100   ddiv.o
       186          0          0          0          0        176   depilogue.o
        62          0          0          0          0         80   dfixi.o
        34          0          0          0          0         76   dflti.o
       228          0          0          0          0         96   dmul.o
        46          0          0          0          0         80   dscalb.o
       162          0          0          0          0        100   dsqrt.o
        38          0          0          0          0         68   f2d.o
       176          0          0          0          0        140   fadd.o
       124          0          0          0          0         88   fdiv.o
       110          0          0          0          0        168   fepilogue.o
        50          0          0          0          0         68   ffixi.o
        40          0          0          0          0         68   ffixui.o
        18          0          0          0          0         68   fflti.o
        10          0          0          0          0         68   ffltui.o
       100          0          0          0          0         76   fmul.o

    ----------------------------------------------------------------------
      4458        188        240          4          0       3552   Library Totals
         6          0          0          0          0          0   (incl. Padding)

    ----------------------------------------------------------------------

      Code (inc. data)   RO Data    RW Data    ZI Data      Debug   Library Name

      1876        166        240          0          0        956   m_ws.l
       540         22          0          4          0        704   mc_w.l
      2036          0          0          0          0       1892   mf_w.l

    ----------------------------------------------------------------------
      4458        188        240          4          0       3552   Library Totals

    ----------------------------------------------------------------------

==============================================================================


      Code (inc. data)   RO Data    RW Data    ZI Data      Debug   

     44036       2060       5952       2840       2080     395821   Grand Totals
     44036       2060       5952       1100       2080     395821   ELF Image Totals (compressed)
     44036       2060       5952       1100          0          0   ROM Totals

==============================================================================

    Total RO  Size (Code + RO Data)                49988 (  48.82kB)
    Total RW  Size (RW Data + ZI Data)              4920 (   4.80kB)
    Total ROM Size (Code + RO Data + RW Data)      51088 (  49.89kB)

==============================================================================

